Component: ARM Compiler 5.05 update 2 (build 169) Tool: armlink [4d0f33]

==============================================================================

Section Cross References

    startup_lpc17xx.o(STACK) refers (Special) to heapauxi.o(.text) for __use_two_region_memory
    startup_lpc17xx.o(HEAP) refers (Special) to heapauxi.o(.text) for __use_two_region_memory
    startup_lpc17xx.o(RESET) refers (Special) to heapauxi.o(.text) for __use_two_region_memory
    startup_lpc17xx.o(RESET) refers to startup_lpc17xx.o(STACK) for __initial_sp
    startup_lpc17xx.o(RESET) refers to startup_lpc17xx.o(.text) for Reset_Handler
    startup_lpc17xx.o(.ARM.__at_0x02FC) refers (Special) to heapauxi.o(.text) for __use_two_region_memory
    startup_lpc17xx.o(.text) refers (Special) to heapauxi.o(.text) for __use_two_region_memory
    startup_lpc17xx.o(.text) refers to system_lpc17xx.o(i.SystemInit) for SystemInit
    startup_lpc17xx.o(.text) refers to __main.o(!!!main) for __main
    startup_lpc17xx.o(.text) refers to startup_lpc17xx.o(HEAP) for Heap_Mem
    startup_lpc17xx.o(.text) refers to startup_lpc17xx.o(STACK) for Stack_Mem
    system_lpc17xx.o(i.SystemCoreClockUpdate) refers to lludivv7m.o(.text) for __aeabi_uldivmod
    system_lpc17xx.o(i.SystemCoreClockUpdate) refers to system_lpc17xx.o(.data) for SystemCoreClock
    main.o(i.bmp_disp) refers to main.o(i.goto_xy) for goto_xy
    main.o(i.bmp_disp) refers to main.o(i.glcd_write) for glcd_write
    main.o(i.circle) refers to dflt_clz.o(x$fpl$dfltu) for __aeabi_ui2d
    main.o(i.circle) refers to main.o(i.sqrt) for sqrt
    main.o(i.circle) refers to dfixu.o(x$fpl$dfixu) for __aeabi_d2uiz
    main.o(i.circle) refers to main.o(i.point_at) for point_at
    main.o(i.circle) refers to main.o(i.min) for min
    main.o(i.circle) refers to main.o(i.v_line) for v_line
    main.o(i.circle) refers to main.o(i.max) for max
    main.o(i.cuboid) refers to main.o(i.rectangle) for rectangle
    main.o(i.cuboid) refers to main.o(i.line) for line
    main.o(i.getDataPinValue) refers to gpio.o(i.digitalRead) for digitalRead
    main.o(i.getDataPinValue) refers to main.o(.data) for _DB7
    main.o(i.get_point) refers to main.o(i.goto_xy) for goto_xy
    main.o(i.get_point) refers to main.o(i.glcd_read) for glcd_read
    main.o(i.glcd_clear) refers to main.o(i.glcd_clrln) for glcd_clrln
    main.o(i.glcd_clrln) refers to main.o(i.goto_xy) for goto_xy
    main.o(i.glcd_clrln) refers to gpio.o(i.digitalWrite) for digitalWrite
    main.o(i.glcd_clrln) refers to main.o(i.glcd_write) for glcd_write
    main.o(i.glcd_clrln) refers to main.o(.data) for _CS1
    main.o(i.glcd_off) refers to gpio.o(i.digitalWrite) for digitalWrite
    main.o(i.glcd_off) refers to main.o(i.setDataPinValue) for setDataPinValue
    main.o(i.glcd_off) refers to main.o(i.trigger) for trigger
    main.o(i.glcd_off) refers to main.o(.data) for _CS1
    main.o(i.glcd_on) refers to gpio.o(i.pinMode) for pinMode
    main.o(i.glcd_on) refers to gpio.o(i.digitalWrite) for digitalWrite
    main.o(i.glcd_on) refers to main.o(i.setDataPinValue) for setDataPinValue
    main.o(i.glcd_on) refers to main.o(i.trigger) for trigger
    main.o(i.glcd_on) refers to main.o(.data) for _DB0
    main.o(i.glcd_printNumber) refers to main.o(i.glcd_puts) for glcd_puts
    main.o(i.glcd_putchar) refers to main.o(i.putIt) for putIt
    main.o(i.glcd_putchar) refers to main.o(i.putItSz) for putItSz
    main.o(i.glcd_putchar) refers to main.o(.data) for prevLet
    main.o(i.glcd_puts) refers to main.o(i.glcd_putchar) for glcd_putchar
    main.o(i.glcd_puts) refers to main.o(i.strlen) for strlen
    main.o(i.glcd_puts) refers to main.o(.data) for prevLet
    main.o(i.glcd_read) refers to main.o(i.setDataPinMode) for setDataPinMode
    main.o(i.glcd_read) refers to gpio.o(i.digitalWrite) for digitalWrite
    main.o(i.glcd_read) refers to gpio.o(i.digitalRead) for digitalRead
    main.o(i.glcd_read) refers to delay.o(i.delayUs_Timer0) for delayUs_Timer0
    main.o(i.glcd_read) refers to main.o(i.getDataPinValue) for getDataPinValue
    main.o(i.glcd_read) refers to main.o(.data) for _RW
    main.o(i.glcd_write) refers to gpio.o(i.digitalWrite) for digitalWrite
    main.o(i.glcd_write) refers to main.o(i.setDataPinValue) for setDataPinValue
    main.o(i.glcd_write) refers to delay.o(i.delayUs_Timer0) for delayUs_Timer0
    main.o(i.glcd_write) refers to main.o(i.trigger) for trigger
    main.o(i.glcd_write) refers to main.o(.data) for _DI_RS
    main.o(i.goto_col) refers to gpio.o(i.digitalWrite) for digitalWrite
    main.o(i.goto_col) refers to main.o(i.setDataPinValue) for setDataPinValue
    main.o(i.goto_col) refers to main.o(i.trigger) for trigger
    main.o(i.goto_col) refers to main.o(.data) for _DI_RS
    main.o(i.goto_row) refers to gpio.o(i.digitalWrite) for digitalWrite
    main.o(i.goto_row) refers to main.o(i.setDataPinValue) for setDataPinValue
    main.o(i.goto_row) refers to main.o(i.trigger) for trigger
    main.o(i.goto_row) refers to main.o(.data) for _DI_RS
    main.o(i.goto_xy) refers to main.o(i.goto_col) for goto_col
    main.o(i.goto_xy) refers to main.o(i.goto_row) for goto_row
    main.o(i.h_line) refers to main.o(i.point_at) for point_at
    main.o(i.h_parallelepiped) refers to main.o(i.h_parallelogram) for h_parallelogram
    main.o(i.h_parallelepiped) refers to main.o(i.line) for line
    main.o(i.h_parallelogram) refers to main.o(i.h_line) for h_line
    main.o(i.h_parallelogram) refers to main.o(i.line) for line
    main.o(i.line) refers to main.o(i.min) for min
    main.o(i.line) refers to main.o(i.v_line) for v_line
    main.o(i.line) refers to main.o(i.h_line) for h_line
    main.o(i.line) refers to fflt_clz.o(x$fpl$ffltu) for __aeabi_ui2f
    main.o(i.line) refers to fflt_clz.o(x$fpl$fflt) for __aeabi_i2f
    main.o(i.line) refers to fdiv.o(x$fpl$fdiv) for __aeabi_fdiv
    main.o(i.line) refers to fmul.o(x$fpl$fmul) for __aeabi_fmul
    main.o(i.line) refers to faddsub_clz.o(x$fpl$fsub) for __aeabi_fsub
    main.o(i.line) refers to faddsub_clz.o(x$fpl$fadd) for __aeabi_fadd
    main.o(i.line) refers to ffixu.o(x$fpl$ffixu) for __aeabi_f2uiz
    main.o(i.line) refers to f2d.o(x$fpl$f2d) for __aeabi_f2d
    main.o(i.line) refers to daddsub_clz.o(x$fpl$dadd) for __aeabi_dadd
    main.o(i.line) refers to dfixu.o(x$fpl$dfixu) for __aeabi_d2uiz
    main.o(i.line) refers to main.o(i.point_at) for point_at
    main.o(i.main) refers to main.o(i.glcd_on) for glcd_on
    main.o(i.main) refers to main.o(i.glcd_clear) for glcd_clear
    main.o(i.main) refers to main.o(i.point_at) for point_at
    main.o(i.main) refers to main.o(i.get_point) for get_point
    main.o(i.main) refers to main.o(i.glcd_printNumber) for glcd_printNumber
    main.o(i.main) refers to delay.o(i.delayMs_Timer0) for delayMs_Timer0
    main.o(i.main) refers to main.o(i.rectangle) for rectangle
    main.o(i.main) refers to rand.o(.emb_text) for rand
    main.o(i.main) refers to main.o(i.h_line) for h_line
    main.o(i.main) refers to main.o(i.v_line) for v_line
    main.o(i.main) refers to main.o(i.line) for line
    main.o(i.main) refers to main.o(i.cuboid) for cuboid
    main.o(i.main) refers to main.o(i.circle) for circle
    main.o(i.main) refers to main.o(i.glcd_puts) for glcd_puts
    main.o(i.main) refers to main.o(i.glcd_putchar) for glcd_putchar
    main.o(i.main) refers to main.o(i.bmp_disp) for bmp_disp
    main.o(i.main) refers to main.o(.data) for photo1
    main.o(i.point_at) refers to main.o(i.goto_xy) for goto_xy
    main.o(i.point_at) refers to main.o(i.glcd_read) for glcd_read
    main.o(i.point_at) refers to main.o(i.glcd_write) for glcd_write
    main.o(i.powerOfTen) refers to dmul.o(x$fpl$dmul) for __aeabi_dmul
    main.o(i.putIt) refers to main.o(i.goto_col) for goto_col
    main.o(i.putIt) refers to main.o(i.goto_row) for goto_row
    main.o(i.putIt) refers to main.o(i.glcd_write) for glcd_write
    main.o(i.putIt) refers to main.o(.data) for font
    main.o(i.putItSz) refers to main.o(i.goto_col) for goto_col
    main.o(i.putItSz) refers to main.o(i.goto_row) for goto_row
    main.o(i.putItSz) refers to main.o(i.enlarge) for enlarge
    main.o(i.putItSz) refers to main.o(i.goto_xy) for goto_xy
    main.o(i.putItSz) refers to main.o(i.glcd_write) for glcd_write
    main.o(i.putItSz) refers to main.o(.data) for font
    main.o(i.rectangle) refers to main.o(i.h_line) for h_line
    main.o(i.rectangle) refers to main.o(i.v_line) for v_line
    main.o(i.setDataPinMode) refers to gpio.o(i.pinMode) for pinMode
    main.o(i.setDataPinMode) refers to main.o(.data) for _DB0
    main.o(i.setDataPinValue) refers to gpio.o(i.digitalWrite) for digitalWrite
    main.o(i.setDataPinValue) refers to main.o(.data) for _DB0
    main.o(i.set_start_line) refers to gpio.o(i.digitalWrite) for digitalWrite
    main.o(i.set_start_line) refers to main.o(i.setDataPinValue) for setDataPinValue
    main.o(i.set_start_line) refers to main.o(i.trigger) for trigger
    main.o(i.set_start_line) refers to main.o(.data) for _DI_RS
    main.o(i.sqrt) refers to main.o(i.powerOfTen) for powerOfTen
    main.o(i.sqrt) refers to dmul.o(x$fpl$dmul) for __aeabi_dmul
    main.o(i.sqrt) refers to daddsub_clz.o(x$fpl$dadd) for __aeabi_dadd
    main.o(i.sqrt) refers to daddsub_clz.o(x$fpl$drsb) for __aeabi_drsub
    main.o(i.sqrt) refers to drleqf.o(x$fpl$drleqf) for __aeabi_cdrcmple
    main.o(i.sqrt) refers to daddsub_clz.o(x$fpl$dsub) for __aeabi_dsub
    main.o(i.trigger) refers to gpio.o(i.digitalWrite) for digitalWrite
    main.o(i.trigger) refers to delay.o(i.delayUs_Timer0) for delayUs_Timer0
    main.o(i.trigger) refers to main.o(.data) for _EN
    main.o(i.v_line) refers to main.o(i.point_at) for point_at
    main.o(i.v_parallelepiped) refers to main.o(i.v_parallelogram) for v_parallelogram
    main.o(i.v_parallelepiped) refers to main.o(i.line) for line
    main.o(i.v_parallelogram) refers to main.o(i.v_line) for v_line
    main.o(i.v_parallelogram) refers to main.o(i.line) for line
    delay.o(i.delayUs) refers to delay.o(i.delayUs_Timer0) for delayUs_Timer0
    rand.o(.emb_text) refers (Special) to libinit2.o(.ARM.Collect$$libinit$$0000000D) for __rt_lib_init_rand_2
    rand.o(.emb_text) refers to rand.o(.text) for _rand_init
    rand.o(.emb_text) refers to rand.o(.bss) for _random_number_data
    rand.o(.text) refers (Special) to libinit2.o(.ARM.Collect$$libinit$$0000000D) for __rt_lib_init_rand_2
    rand.o(.text) refers to rand.o(.bss) for .bss
    rand.o(.bss) refers (Special) to libinit2.o(.ARM.Collect$$libinit$$0000000D) for __rt_lib_init_rand_2
    __main.o(!!!main) refers to __rtentry.o(.ARM.Collect$$rtentry$$00000000) for __rt_entry
    daddsub_clz.o(x$fpl$dadd) refers (Special) to usenofp.o(x$fpl$usenofp) for __I$use$fp
    daddsub_clz.o(x$fpl$dadd) refers to daddsub_clz.o(x$fpl$dsub) for _dsub1
    daddsub_clz.o(x$fpl$dadd) refers to dretinf.o(x$fpl$dretinf) for __fpl_dretinf
    daddsub_clz.o(x$fpl$dadd) refers to dnaninf.o(x$fpl$dnaninf) for __fpl_dnaninf
    daddsub_clz.o(x$fpl$drsb) refers (Special) to usenofp.o(x$fpl$usenofp) for __I$use$fp
    daddsub_clz.o(x$fpl$drsb) refers to daddsub_clz.o(x$fpl$dadd) for _dadd1
    daddsub_clz.o(x$fpl$drsb) refers to daddsub_clz.o(x$fpl$dsub) for _dsub1
    daddsub_clz.o(x$fpl$dsub) refers (Special) to usenofp.o(x$fpl$usenofp) for __I$use$fp
    daddsub_clz.o(x$fpl$dsub) refers to daddsub_clz.o(x$fpl$dadd) for _dadd1
    daddsub_clz.o(x$fpl$dsub) refers to dnaninf.o(x$fpl$dnaninf) for __fpl_dnaninf
    dfixu.o(x$fpl$dfixu) refers (Special) to usenofp.o(x$fpl$usenofp) for __I$use$fp
    dfixu.o(x$fpl$dfixu) refers to dnaninf.o(x$fpl$dnaninf) for __fpl_dnaninf
    dfixu.o(x$fpl$dfixur) refers (Special) to usenofp.o(x$fpl$usenofp) for __I$use$fp
    dfixu.o(x$fpl$dfixur) refers to dnaninf.o(x$fpl$dnaninf) for __fpl_dnaninf
    dflt_clz.o(x$fpl$dfltu) refers (Special) to usenofp.o(x$fpl$usenofp) for __I$use$fp
    dflt_clz.o(x$fpl$dflt) refers (Special) to usenofp.o(x$fpl$usenofp) for __I$use$fp
    dflt_clz.o(x$fpl$dfltn) refers (Special) to usenofp.o(x$fpl$usenofp) for __I$use$fp
    dmul.o(x$fpl$dmul) refers (Special) to usenofp.o(x$fpl$usenofp) for __I$use$fp
    dmul.o(x$fpl$dmul) refers to dretinf.o(x$fpl$dretinf) for __fpl_dretinf
    dmul.o(x$fpl$dmul) refers to dnaninf.o(x$fpl$dnaninf) for __fpl_dnaninf
    drleqf.o(x$fpl$drleqf) refers (Special) to usenofp.o(x$fpl$usenofp) for __I$use$fp
    drleqf.o(x$fpl$drleqf) refers to dleqf.o(x$fpl$dleqf) for __fpl_dcmple_InfNaN
    f2d.o(x$fpl$f2d) refers (Special) to usenofp.o(x$fpl$usenofp) for __I$use$fp
    f2d.o(x$fpl$f2d) refers to fnaninf.o(x$fpl$fnaninf) for __fpl_fnaninf
    f2d.o(x$fpl$f2d) refers to dretinf.o(x$fpl$dretinf) for __fpl_dretinf
    faddsub_clz.o(x$fpl$fadd) refers (Special) to usenofp.o(x$fpl$usenofp) for __I$use$fp
    faddsub_clz.o(x$fpl$fadd) refers to faddsub_clz.o(x$fpl$fsub) for _fsub1
    faddsub_clz.o(x$fpl$fadd) refers to fretinf.o(x$fpl$fretinf) for __fpl_fretinf
    faddsub_clz.o(x$fpl$fadd) refers to fnaninf.o(x$fpl$fnaninf) for __fpl_fnaninf
    faddsub_clz.o(x$fpl$frsb) refers (Special) to usenofp.o(x$fpl$usenofp) for __I$use$fp
    faddsub_clz.o(x$fpl$frsb) refers to faddsub_clz.o(x$fpl$fadd) for _fadd1
    faddsub_clz.o(x$fpl$frsb) refers to faddsub_clz.o(x$fpl$fsub) for _fsub1
    faddsub_clz.o(x$fpl$fsub) refers (Special) to usenofp.o(x$fpl$usenofp) for __I$use$fp
    faddsub_clz.o(x$fpl$fsub) refers to faddsub_clz.o(x$fpl$fadd) for _fadd1
    faddsub_clz.o(x$fpl$fsub) refers to fnaninf.o(x$fpl$fnaninf) for __fpl_fnaninf
    fdiv.o(x$fpl$frdiv) refers (Special) to usenofp.o(x$fpl$usenofp) for __I$use$fp
    fdiv.o(x$fpl$frdiv) refers to fdiv.o(x$fpl$fdiv) for _fdiv1
    fdiv.o(x$fpl$fdiv) refers (Special) to usenofp.o(x$fpl$usenofp) for __I$use$fp
    fdiv.o(x$fpl$fdiv) refers to fretinf.o(x$fpl$fretinf) for __fpl_fretinf
    fdiv.o(x$fpl$fdiv) refers to fnaninf.o(x$fpl$fnaninf) for __fpl_fnaninf
    ffixu.o(x$fpl$ffixu) refers (Special) to usenofp.o(x$fpl$usenofp) for __I$use$fp
    ffixu.o(x$fpl$ffixu) refers to fnaninf.o(x$fpl$fnaninf) for __fpl_fnaninf
    ffixu.o(x$fpl$ffixur) refers (Special) to usenofp.o(x$fpl$usenofp) for __I$use$fp
    ffixu.o(x$fpl$ffixur) refers to fnaninf.o(x$fpl$fnaninf) for __fpl_fnaninf
    fflt_clz.o(x$fpl$ffltu) refers (Special) to usenofp.o(x$fpl$usenofp) for __I$use$fp
    fflt_clz.o(x$fpl$fflt) refers (Special) to usenofp.o(x$fpl$usenofp) for __I$use$fp
    fflt_clz.o(x$fpl$ffltn) refers (Special) to usenofp.o(x$fpl$usenofp) for __I$use$fp
    fmul.o(x$fpl$fmul) refers (Special) to usenofp.o(x$fpl$usenofp) for __I$use$fp
    fmul.o(x$fpl$fmul) refers to fretinf.o(x$fpl$fretinf) for __fpl_fretinf
    fmul.o(x$fpl$fmul) refers to fnaninf.o(x$fpl$fnaninf) for __fpl_fnaninf
    __rtentry.o(.ARM.Collect$$rtentry$$00000000) refers (Special) to __rtentry2.o(.ARM.Collect$$rtentry$$0000000A) for __rt_entry_li
    __rtentry.o(.ARM.Collect$$rtentry$$00000000) refers (Special) to __rtentry2.o(.ARM.Collect$$rtentry$$0000000D) for __rt_entry_main
    __rtentry.o(.ARM.Collect$$rtentry$$00000000) refers (Special) to __rtentry2.o(.ARM.Collect$$rtentry$$0000000C) for __rt_entry_postli_1
    __rtentry.o(.ARM.Collect$$rtentry$$00000000) refers (Special) to __rtentry2.o(.ARM.Collect$$rtentry$$00000009) for __rt_entry_postsh_1
    __rtentry.o(.ARM.Collect$$rtentry$$00000000) refers (Special) to __rtentry2.o(.ARM.Collect$$rtentry$$00000002) for __rt_entry_presh_1
    __rtentry.o(.ARM.Collect$$rtentry$$00000000) refers (Special) to __rtentry4.o(.ARM.Collect$$rtentry$$00000004) for __rt_entry_sh
    aeabi_ldiv0_sigfpe.o(.text) refers to rt_div0.o(.text) for __rt_div0
    libinit2.o(.ARM.Collect$$libinit$$0000000D) refers (Weak) to rand.o(.text) for _rand_init
    libinit2.o(.ARM.Collect$$libinit$$00000010) refers to libinit2.o(.ARM.Collect$$libinit$$0000000F) for .ARM.Collect$$libinit$$0000000F
    libinit2.o(.ARM.Collect$$libinit$$00000012) refers to libinit2.o(.ARM.Collect$$libinit$$0000000F) for .ARM.Collect$$libinit$$0000000F
    libinit2.o(.ARM.Collect$$libinit$$00000014) refers to libinit2.o(.ARM.Collect$$libinit$$0000000F) for .ARM.Collect$$libinit$$0000000F
    libinit2.o(.ARM.Collect$$libinit$$00000016) refers to libinit2.o(.ARM.Collect$$libinit$$0000000F) for .ARM.Collect$$libinit$$0000000F
    libinit2.o(.ARM.Collect$$libinit$$00000018) refers to libinit2.o(.ARM.Collect$$libinit$$0000000F) for .ARM.Collect$$libinit$$0000000F
    libinit2.o(.ARM.Collect$$libinit$$00000026) refers to argv_veneer.o(.emb_text) for __ARM_argv_veneer
    libinit2.o(.ARM.Collect$$libinit$$00000027) refers to argv_veneer.o(.emb_text) for __ARM_argv_veneer
    dleqf.o(x$fpl$dleqf) refers (Special) to usenofp.o(x$fpl$usenofp) for __I$use$fp
    dleqf.o(x$fpl$dleqf) refers to dnaninf.o(x$fpl$dnaninf) for __fpl_dnaninf
    dleqf.o(x$fpl$dleqf) refers to dcmpi.o(x$fpl$dcmpinf) for __fpl_dcmp_Inf
    dnaninf.o(x$fpl$dnaninf) refers (Special) to usenofp.o(x$fpl$usenofp) for __I$use$fp
    dretinf.o(x$fpl$dretinf) refers (Special) to usenofp.o(x$fpl$usenofp) for __I$use$fp
    fnaninf.o(x$fpl$fnaninf) refers (Special) to usenofp.o(x$fpl$usenofp) for __I$use$fp
    fretinf.o(x$fpl$fretinf) refers (Special) to usenofp.o(x$fpl$usenofp) for __I$use$fp
    __rtentry2.o(.ARM.Collect$$rtentry$$00000008) refers to boardinit2.o(.text) for _platform_post_stackheap_init
    __rtentry2.o(.ARM.Collect$$rtentry$$0000000A) refers to libinit.o(.ARM.Collect$$libinit$$00000000) for __rt_lib_init
    __rtentry2.o(.ARM.Collect$$rtentry$$0000000B) refers to boardinit3.o(.text) for _platform_post_lib_init
    __rtentry2.o(.ARM.Collect$$rtentry$$0000000D) refers to main.o(i.main) for main
    __rtentry2.o(.ARM.Collect$$rtentry$$0000000D) refers to exit.o(.text) for exit
    __rtentry2.o(.ARM.exidx) refers to __rtentry2.o(.ARM.Collect$$rtentry$$00000001) for .ARM.Collect$$rtentry$$00000001
    __rtentry2.o(.ARM.exidx) refers to __rtentry2.o(.ARM.Collect$$rtentry$$00000008) for .ARM.Collect$$rtentry$$00000008
    __rtentry2.o(.ARM.exidx) refers to __rtentry2.o(.ARM.Collect$$rtentry$$0000000A) for .ARM.Collect$$rtentry$$0000000A
    __rtentry2.o(.ARM.exidx) refers to __rtentry2.o(.ARM.Collect$$rtentry$$0000000B) for .ARM.Collect$$rtentry$$0000000B
    __rtentry2.o(.ARM.exidx) refers to __rtentry2.o(.ARM.Collect$$rtentry$$0000000D) for .ARM.Collect$$rtentry$$0000000D
    __rtentry4.o(.ARM.Collect$$rtentry$$00000004) refers to sys_stackheap_outer.o(.text) for __user_setup_stackheap
    __rtentry4.o(.ARM.exidx) refers to __rtentry4.o(.ARM.Collect$$rtentry$$00000004) for .ARM.Collect$$rtentry$$00000004
    rt_div0.o(.text) refers to defsig_fpe_outer.o(.text) for __rt_SIGFPE
    argv_veneer.o(.emb_text) refers to no_argv.o(.text) for __ARM_get_argv
    dcmpi.o(x$fpl$dcmpinf) refers (Special) to usenofp.o(x$fpl$usenofp) for __I$use$fp
    sys_stackheap_outer.o(.text) refers to libspace.o(.text) for __user_perproc_libspace
    sys_stackheap_outer.o(.text) refers to startup_lpc17xx.o(.text) for __user_initial_stackheap
    exit.o(.text) refers to rtexit.o(.ARM.Collect$$rtexit$$00000000) for __rt_exit
    defsig_fpe_outer.o(.text) refers to defsig_fpe_inner.o(.text) for __rt_SIGFPE_inner
    defsig_fpe_outer.o(.text) refers to defsig_exit.o(.text) for __sig_exit
    defsig_fpe_formal.o(.text) refers to rt_raise.o(.text) for __rt_raise
    _get_argv_nomalloc.o(.text) refers (Special) to hrguard.o(.text) for __heap_region$guard
    _get_argv_nomalloc.o(.text) refers to defsig_rtmem_outer.o(.text) for __rt_SIGRTMEM
    _get_argv_nomalloc.o(.text) refers to sys_command.o(.text) for _sys_command_string
    libinit.o(.ARM.Collect$$libinit$$00000000) refers (Special) to libinit2.o(.ARM.Collect$$libinit$$0000002E) for __rt_lib_init_alloca_1
    libinit.o(.ARM.Collect$$libinit$$00000000) refers (Special) to libinit2.o(.ARM.Collect$$libinit$$0000002C) for __rt_lib_init_argv_1
    libinit.o(.ARM.Collect$$libinit$$00000000) refers (Special) to libinit2.o(.ARM.Collect$$libinit$$0000001B) for __rt_lib_init_atexit_1
    libinit.o(.ARM.Collect$$libinit$$00000000) refers (Special) to libinit2.o(.ARM.Collect$$libinit$$00000021) for __rt_lib_init_clock_1
    libinit.o(.ARM.Collect$$libinit$$00000000) refers (Special) to libinit2.o(.ARM.Collect$$libinit$$00000032) for __rt_lib_init_cpp_1
    libinit.o(.ARM.Collect$$libinit$$00000000) refers (Special) to libinit2.o(.ARM.Collect$$libinit$$00000030) for __rt_lib_init_exceptions_1
    libinit.o(.ARM.Collect$$libinit$$00000000) refers (Special) to libinit2.o(.ARM.Collect$$libinit$$00000002) for __rt_lib_init_fp_1
    libinit.o(.ARM.Collect$$libinit$$00000000) refers (Special) to libinit2.o(.ARM.Collect$$libinit$$0000001F) for __rt_lib_init_fp_trap_1
    libinit.o(.ARM.Collect$$libinit$$00000000) refers (Special) to libinit2.o(.ARM.Collect$$libinit$$00000023) for __rt_lib_init_getenv_1
    libinit.o(.ARM.Collect$$libinit$$00000000) refers (Special) to libinit2.o(.ARM.Collect$$libinit$$0000000A) for __rt_lib_init_heap_1
    libinit.o(.ARM.Collect$$libinit$$00000000) refers (Special) to libinit2.o(.ARM.Collect$$libinit$$00000011) for __rt_lib_init_lc_collate_1
    libinit.o(.ARM.Collect$$libinit$$00000000) refers (Special) to libinit2.o(.ARM.Collect$$libinit$$00000013) for __rt_lib_init_lc_ctype_1
    libinit.o(.ARM.Collect$$libinit$$00000000) refers (Special) to libinit2.o(.ARM.Collect$$libinit$$00000015) for __rt_lib_init_lc_monetary_1
    libinit.o(.ARM.Collect$$libinit$$00000000) refers (Special) to libinit2.o(.ARM.Collect$$libinit$$00000017) for __rt_lib_init_lc_numeric_1
    libinit.o(.ARM.Collect$$libinit$$00000000) refers (Special) to libinit2.o(.ARM.Collect$$libinit$$00000019) for __rt_lib_init_lc_time_1
    libinit.o(.ARM.Collect$$libinit$$00000000) refers (Special) to libinit2.o(.ARM.Collect$$libinit$$00000004) for __rt_lib_init_preinit_1
    libinit.o(.ARM.Collect$$libinit$$00000000) refers (Special) to libinit2.o(.ARM.Collect$$libinit$$0000000E) for __rt_lib_init_rand_1
    libinit.o(.ARM.Collect$$libinit$$00000000) refers (Special) to libinit2.o(.ARM.Collect$$libinit$$00000033) for __rt_lib_init_return
    libinit.o(.ARM.Collect$$libinit$$00000000) refers (Special) to libinit2.o(.ARM.Collect$$libinit$$0000001D) for __rt_lib_init_signal_1
    libinit.o(.ARM.Collect$$libinit$$00000000) refers (Special) to libinit2.o(.ARM.Collect$$libinit$$00000025) for __rt_lib_init_stdio_1
    libinit.o(.ARM.Collect$$libinit$$00000000) refers (Special) to libinit2.o(.ARM.Collect$$libinit$$0000000C) for __rt_lib_init_user_alloc_1
    sys_command.o(.text) refers (Special) to use_no_semi.o(.text) for __I$use$semihosting
    sys_command.o(.text) refers (Special) to indicate_semi.o(.text) for __semihosting_library_function
    libspace.o(.text) refers to libspace.o(.bss) for __libspace_start
    rtexit.o(.ARM.Collect$$rtexit$$00000000) refers (Special) to rtexit2.o(.ARM.Collect$$rtexit$$00000004) for __rt_exit_exit
    rtexit.o(.ARM.Collect$$rtexit$$00000000) refers (Special) to rtexit2.o(.ARM.Collect$$rtexit$$00000003) for __rt_exit_ls
    rtexit.o(.ARM.Collect$$rtexit$$00000000) refers (Special) to rtexit2.o(.ARM.Collect$$rtexit$$00000002) for __rt_exit_prels_1
    rtexit.o(.ARM.exidx) refers (Special) to rtexit2.o(.ARM.Collect$$rtexit$$00000004) for __rt_exit_exit
    rtexit.o(.ARM.exidx) refers (Special) to rtexit2.o(.ARM.Collect$$rtexit$$00000003) for __rt_exit_ls
    rtexit.o(.ARM.exidx) refers (Special) to rtexit2.o(.ARM.Collect$$rtexit$$00000002) for __rt_exit_prels_1
    rtexit.o(.ARM.exidx) refers to rtexit.o(.ARM.Collect$$rtexit$$00000000) for .ARM.Collect$$rtexit$$00000000
    rt_raise.o(.text) refers to __raise.o(.text) for __raise
    rt_raise.o(.text) refers to sys_exit.o(.text) for _sys_exit
    defsig_exit.o(.text) refers to sys_exit.o(.text) for _sys_exit
    defsig_fpe_inner.o(.text) refers to defsig_general.o(.text) for __default_signal_display
    defsig_rtmem_outer.o(.text) refers to defsig_rtmem_inner.o(.text) for __rt_SIGRTMEM_inner
    defsig_rtmem_outer.o(.text) refers to defsig_exit.o(.text) for __sig_exit
    defsig_rtmem_formal.o(.text) refers to rt_raise.o(.text) for __rt_raise
    sys_exit.o(.text) refers (Special) to use_no_semi.o(.text) for __I$use$semihosting
    sys_exit.o(.text) refers (Special) to indicate_semi.o(.text) for __semihosting_library_function
    rtexit2.o(.ARM.Collect$$rtexit$$00000003) refers to libshutdown.o(.ARM.Collect$$libshutdown$$00000000) for __rt_lib_shutdown
    rtexit2.o(.ARM.Collect$$rtexit$$00000004) refers to sys_exit.o(.text) for _sys_exit
    rtexit2.o(.ARM.exidx) refers to rtexit2.o(.ARM.Collect$$rtexit$$00000001) for .ARM.Collect$$rtexit$$00000001
    rtexit2.o(.ARM.exidx) refers to rtexit2.o(.ARM.Collect$$rtexit$$00000003) for .ARM.Collect$$rtexit$$00000003
    rtexit2.o(.ARM.exidx) refers to rtexit2.o(.ARM.Collect$$rtexit$$00000004) for .ARM.Collect$$rtexit$$00000004
    __raise.o(.text) refers to defsig.o(CL$$defsig) for __default_signal_handler
    defsig_general.o(.text) refers to sys_wrch.o(.text) for _ttywrch
    defsig_rtmem_inner.o(.text) refers to defsig_general.o(.text) for __default_signal_display
    sys_wrch.o(.text) refers (Special) to use_no_semi.o(.text) for __I$use$semihosting
    sys_wrch.o(.text) refers (Special) to indicate_semi.o(.text) for __semihosting_library_function
    defsig.o(CL$$defsig) refers to defsig_fpe_inner.o(.text) for __rt_SIGFPE_inner
    defsig.o(CL$$defsig) refers to defsig_rtmem_inner.o(.text) for __rt_SIGRTMEM_inner
    libshutdown.o(.ARM.Collect$$libshutdown$$00000000) refers (Special) to libshutdown2.o(.ARM.Collect$$libshutdown$$00000006) for __rt_lib_shutdown_fp_trap_1
    libshutdown.o(.ARM.Collect$$libshutdown$$00000000) refers (Special) to libshutdown2.o(.ARM.Collect$$libshutdown$$0000000E) for __rt_lib_shutdown_heap_1
    libshutdown.o(.ARM.Collect$$libshutdown$$00000000) refers (Special) to libshutdown2.o(.ARM.Collect$$libshutdown$$0000000F) for __rt_lib_shutdown_return
    libshutdown.o(.ARM.Collect$$libshutdown$$00000000) refers (Special) to libshutdown2.o(.ARM.Collect$$libshutdown$$00000009) for __rt_lib_shutdown_signal_1
    libshutdown.o(.ARM.Collect$$libshutdown$$00000000) refers (Special) to libshutdown2.o(.ARM.Collect$$libshutdown$$00000003) for __rt_lib_shutdown_stdio_1
    libshutdown.o(.ARM.Collect$$libshutdown$$00000000) refers (Special) to libshutdown2.o(.ARM.Collect$$libshutdown$$0000000B) for __rt_lib_shutdown_user_alloc_1
    defsig_abrt_inner.o(.text) refers to defsig_general.o(.text) for __default_signal_display
    defsig_rtred_inner.o(.text) refers to defsig_general.o(.text) for __default_signal_display
    defsig_stak_inner.o(.text) refers to defsig_general.o(.text) for __default_signal_display
    defsig_pvfn_inner.o(.text) refers to defsig_general.o(.text) for __default_signal_display
    defsig_cppl_inner.o(.text) refers to defsig_general.o(.text) for __default_signal_display
    defsig_segv_inner.o(.text) refers to defsig_general.o(.text) for __default_signal_display
    defsig_other.o(.text) refers to defsig_general.o(.text) for __default_signal_display


==============================================================================

Removing Unused input sections from the image.

    Removing system_lpc17xx.o(.rev16_text), (4 bytes).
    Removing system_lpc17xx.o(.revsh_text), (4 bytes).
    Removing system_lpc17xx.o(i.SystemCoreClockUpdate), (424 bytes).
    Removing system_lpc17xx.o(.data), (4 bytes).
    Removing main.o(.rev16_text), (4 bytes).
    Removing main.o(.revsh_text), (4 bytes).
    Removing main.o(i.glcd_off), (72 bytes).
    Removing main.o(i.h_parallelepiped), (144 bytes).
    Removing main.o(i.h_parallelogram), (90 bytes).
    Removing main.o(i.is_busy), (6 bytes).
    Removing main.o(i.set_start_line), (76 bytes).
    Removing main.o(i.v_parallelepiped), (146 bytes).
    Removing main.o(i.v_parallelogram), (90 bytes).
    Removing gpio.o(.rev16_text), (4 bytes).
    Removing gpio.o(.revsh_text), (4 bytes).
    Removing gpio.o(i.pinFunction), (64 bytes).
    Removing delay.o(.rev16_text), (4 bytes).
    Removing delay.o(.revsh_text), (4 bytes).
    Removing delay.o(i.delayS_Timer0), (52 bytes).
    Removing delay.o(i.delayUs), (12 bytes).

20 unused section(s) (total 1212 bytes) removed from the image.

==============================================================================

Image Symbol Table

    Local Symbols

    Symbol Name                              Value     Ov Type        Size  Object(Section)

    RESET                                    0x00000000   Section      204  startup_lpc17xx.o(RESET)
    ../clib/angel/boardlib.s                 0x00000000   Number         0  boardshut.o ABSOLUTE
    ../clib/angel/boardlib.s                 0x00000000   Number         0  boardinit2.o ABSOLUTE
    ../clib/angel/boardlib.s                 0x00000000   Number         0  boardinit1.o ABSOLUTE
    ../clib/angel/boardlib.s                 0x00000000   Number         0  boardinit3.o ABSOLUTE
    ../clib/angel/dclz77c.s                  0x00000000   Number         0  __dclz77c.o ABSOLUTE
    ../clib/angel/handlers.s                 0x00000000   Number         0  __scatter_zi.o ABSOLUTE
    ../clib/angel/kernel.s                   0x00000000   Number         0  rtexit.o ABSOLUTE
    ../clib/angel/kernel.s                   0x00000000   Number         0  rtexit2.o ABSOLUTE
    ../clib/angel/kernel.s                   0x00000000   Number         0  __rtentry.o ABSOLUTE
    ../clib/angel/kernel.s                   0x00000000   Number         0  __rtentry2.o ABSOLUTE
    ../clib/angel/kernel.s                   0x00000000   Number         0  __rtentry4.o ABSOLUTE
    ../clib/angel/rt.s                       0x00000000   Number         0  aeabi_ldiv0_sigfpe.o ABSOLUTE
    ../clib/angel/rt.s                       0x00000000   Number         0  aeabi_ldiv0.o ABSOLUTE
    ../clib/angel/rt.s                       0x00000000   Number         0  rt_raise.o ABSOLUTE
    ../clib/angel/rt.s                       0x00000000   Number         0  rt_div0.o ABSOLUTE
    ../clib/angel/scatter.s                  0x00000000   Number         0  __scatter.o ABSOLUTE
    ../clib/angel/startup.s                  0x00000000   Number         0  __main.o ABSOLUTE
    ../clib/angel/sys.s                      0x00000000   Number         0  libspace.o ABSOLUTE
    ../clib/angel/sys.s                      0x00000000   Number         0  sys_stackheap_outer.o ABSOLUTE
    ../clib/angel/sys.s                      0x00000000   Number         0  indicate_semi.o ABSOLUTE
    ../clib/angel/sys.s                      0x00000000   Number         0  use_no_semi.o ABSOLUTE
    ../clib/angel/sysapp.c                   0x00000000   Number         0  sys_exit.o ABSOLUTE
    ../clib/angel/sysapp.c                   0x00000000   Number         0  sys_command.o ABSOLUTE
    ../clib/angel/sysapp.c                   0x00000000   Number         0  sys_wrch.o ABSOLUTE
    ../clib/armsys.c                         0x00000000   Number         0  no_argv.o ABSOLUTE
    ../clib/armsys.c                         0x00000000   Number         0  argv_veneer.o ABSOLUTE
    ../clib/armsys.c                         0x00000000   Number         0  argv_veneer.o ABSOLUTE
    ../clib/armsys.c                         0x00000000   Number         0  _get_argv_nomalloc.o ABSOLUTE
    ../clib/heapalloc.c                      0x00000000   Number         0  hrguard.o ABSOLUTE
    ../clib/heapaux.c                        0x00000000   Number         0  heapauxi.o ABSOLUTE
    ../clib/libinit.s                        0x00000000   Number         0  libinit.o ABSOLUTE
    ../clib/libinit.s                        0x00000000   Number         0  libshutdown2.o ABSOLUTE
    ../clib/libinit.s                        0x00000000   Number         0  libinit2.o ABSOLUTE
    ../clib/libinit.s                        0x00000000   Number         0  libshutdown.o ABSOLUTE
    ../clib/longlong.s                       0x00000000   Number         0  lludivv7m.o ABSOLUTE
    ../clib/signal.c                         0x00000000   Number         0  defsig_other.o ABSOLUTE
    ../clib/signal.c                         0x00000000   Number         0  defsig_segv_inner.o ABSOLUTE
    ../clib/signal.c                         0x00000000   Number         0  defsig_cppl_inner.o ABSOLUTE
    ../clib/signal.c                         0x00000000   Number         0  defsig_pvfn_inner.o ABSOLUTE
    ../clib/signal.c                         0x00000000   Number         0  defsig_stak_inner.o ABSOLUTE
    ../clib/signal.c                         0x00000000   Number         0  defsig_rtred_inner.o ABSOLUTE
    ../clib/signal.c                         0x00000000   Number         0  defsig_abrt_inner.o ABSOLUTE
    ../clib/signal.c                         0x00000000   Number         0  defsig_rtmem_inner.o ABSOLUTE
    ../clib/signal.c                         0x00000000   Number         0  defsig_general.o ABSOLUTE
    ../clib/signal.c                         0x00000000   Number         0  defsig_rtmem_formal.o ABSOLUTE
    ../clib/signal.c                         0x00000000   Number         0  defsig_rtmem_outer.o ABSOLUTE
    ../clib/signal.c                         0x00000000   Number         0  defsig_fpe_inner.o ABSOLUTE
    ../clib/signal.c                         0x00000000   Number         0  defsig_exit.o ABSOLUTE
    ../clib/signal.c                         0x00000000   Number         0  defsig_fpe_formal.o ABSOLUTE
    ../clib/signal.c                         0x00000000   Number         0  defsig_fpe_outer.o ABSOLUTE
    ../clib/signal.c                         0x00000000   Number         0  __raise.o ABSOLUTE
    ../clib/signal.s                         0x00000000   Number         0  defsig.o ABSOLUTE
    ../clib/stdlib.c                         0x00000000   Number         0  rand.o ABSOLUTE
    ../clib/stdlib.c                         0x00000000   Number         0  rand.o ABSOLUTE
    ../clib/stdlib.c                         0x00000000   Number         0  exit.o ABSOLUTE
    ../fplib/daddsub.s                       0x00000000   Number         0  daddsub_clz.o ABSOLUTE
    ../fplib/dcmpi.s                         0x00000000   Number         0  dcmpi.o ABSOLUTE
    ../fplib/dfixu.s                         0x00000000   Number         0  dfixu.o ABSOLUTE
    ../fplib/dflt.s                          0x00000000   Number         0  dflt_clz.o ABSOLUTE
    ../fplib/dleqf.s                         0x00000000   Number         0  dleqf.o ABSOLUTE
    ../fplib/dmul.s                          0x00000000   Number         0  dmul.o ABSOLUTE
    ../fplib/dnaninf.s                       0x00000000   Number         0  dnaninf.o ABSOLUTE
    ../fplib/dretinf.s                       0x00000000   Number         0  dretinf.o ABSOLUTE
    ../fplib/drleqf.s                        0x00000000   Number         0  drleqf.o ABSOLUTE
    ../fplib/f2d.s                           0x00000000   Number         0  f2d.o ABSOLUTE
    ../fplib/faddsub.s                       0x00000000   Number         0  faddsub_clz.o ABSOLUTE
    ../fplib/fdiv.s                          0x00000000   Number         0  fdiv.o ABSOLUTE
    ../fplib/ffixu.s                         0x00000000   Number         0  ffixu.o ABSOLUTE
    ../fplib/fflt.s                          0x00000000   Number         0  fflt_clz.o ABSOLUTE
    ../fplib/fmul.s                          0x00000000   Number         0  fmul.o ABSOLUTE
    ../fplib/fnaninf.s                       0x00000000   Number         0  fnaninf.o ABSOLUTE
    ../fplib/fpinit.s                        0x00000000   Number         0  fpinit.o ABSOLUTE
    ../fplib/fretinf.s                       0x00000000   Number         0  fretinf.o ABSOLUTE
    ../fplib/usenofp.s                       0x00000000   Number         0  usenofp.o ABSOLUTE
    dc.s                                     0x00000000   Number         0  dc.o ABSOLUTE
    delay.c                                  0x00000000   Number         0  delay.o ABSOLUTE
    delay.c                                  0x00000000   Number         0  delay.o ABSOLUTE
    gpio.c                                   0x00000000   Number         0  gpio.o ABSOLUTE
    gpio.c                                   0x00000000   Number         0  gpio.o ABSOLUTE
    main.c                                   0x00000000   Number         0  main.o ABSOLUTE
    main.c                                   0x00000000   Number         0  main.o ABSOLUTE
    startup_LPC17xx.s                        0x00000000   Number         0  startup_lpc17xx.o ABSOLUTE
    system_LPC17xx.c                         0x00000000   Number         0  system_lpc17xx.o ABSOLUTE
    system_LPC17xx.c                         0x00000000   Number         0  system_lpc17xx.o ABSOLUTE
    !!!main                                  0x000000cc   Section        8  __main.o(!!!main)
    !!!scatter                               0x000000d4   Section       52  __scatter.o(!!!scatter)
    !!dclz77c                                0x00000108   Section      100  __dclz77c.o(!!dclz77c)
    !!handler_zi                             0x0000016c   Section       28  __scatter_zi.o(!!handler_zi)
    .ARM.Collect$$libinit$$00000000          0x00000188   Section        2  libinit.o(.ARM.Collect$$libinit$$00000000)
    .ARM.Collect$$libinit$$00000002          0x0000018a   Section        0  libinit2.o(.ARM.Collect$$libinit$$00000002)
    .ARM.Collect$$libinit$$00000004          0x0000018a   Section        0  libinit2.o(.ARM.Collect$$libinit$$00000004)
    .ARM.Collect$$libinit$$0000000A          0x0000018a   Section        0  libinit2.o(.ARM.Collect$$libinit$$0000000A)
    .ARM.Collect$$libinit$$0000000C          0x0000018a   Section        0  libinit2.o(.ARM.Collect$$libinit$$0000000C)
    .ARM.Collect$$libinit$$0000000D          0x0000018a   Section        4  libinit2.o(.ARM.Collect$$libinit$$0000000D)
    .ARM.Collect$$libinit$$0000000E          0x0000018e   Section        0  libinit2.o(.ARM.Collect$$libinit$$0000000E)
    .ARM.Collect$$libinit$$00000011          0x0000018e   Section        0  libinit2.o(.ARM.Collect$$libinit$$00000011)
    .ARM.Collect$$libinit$$00000013          0x0000018e   Section        0  libinit2.o(.ARM.Collect$$libinit$$00000013)
    .ARM.Collect$$libinit$$00000015          0x0000018e   Section        0  libinit2.o(.ARM.Collect$$libinit$$00000015)
    .ARM.Collect$$libinit$$00000017          0x0000018e   Section        0  libinit2.o(.ARM.Collect$$libinit$$00000017)
    .ARM.Collect$$libinit$$00000019          0x0000018e   Section        0  libinit2.o(.ARM.Collect$$libinit$$00000019)
    .ARM.Collect$$libinit$$0000001B          0x0000018e   Section        0  libinit2.o(.ARM.Collect$$libinit$$0000001B)
    .ARM.Collect$$libinit$$0000001D          0x0000018e   Section        0  libinit2.o(.ARM.Collect$$libinit$$0000001D)
    .ARM.Collect$$libinit$$0000001F          0x0000018e   Section        0  libinit2.o(.ARM.Collect$$libinit$$0000001F)
    .ARM.Collect$$libinit$$00000021          0x0000018e   Section        0  libinit2.o(.ARM.Collect$$libinit$$00000021)
    .ARM.Collect$$libinit$$00000023          0x0000018e   Section        0  libinit2.o(.ARM.Collect$$libinit$$00000023)
    .ARM.Collect$$libinit$$00000025          0x0000018e   Section        0  libinit2.o(.ARM.Collect$$libinit$$00000025)
    .ARM.Collect$$libinit$$0000002C          0x0000018e   Section        0  libinit2.o(.ARM.Collect$$libinit$$0000002C)
    .ARM.Collect$$libinit$$0000002E          0x0000018e   Section        0  libinit2.o(.ARM.Collect$$libinit$$0000002E)
    .ARM.Collect$$libinit$$00000030          0x0000018e   Section        0  libinit2.o(.ARM.Collect$$libinit$$00000030)
    .ARM.Collect$$libinit$$00000032          0x0000018e   Section        0  libinit2.o(.ARM.Collect$$libinit$$00000032)
    .ARM.Collect$$libinit$$00000033          0x0000018e   Section        2  libinit2.o(.ARM.Collect$$libinit$$00000033)
    .ARM.Collect$$libshutdown$$00000000      0x00000190   Section        2  libshutdown.o(.ARM.Collect$$libshutdown$$00000000)
    .ARM.Collect$$libshutdown$$00000003      0x00000192   Section        0  libshutdown2.o(.ARM.Collect$$libshutdown$$00000003)
    .ARM.Collect$$libshutdown$$00000006      0x00000192   Section        0  libshutdown2.o(.ARM.Collect$$libshutdown$$00000006)
    .ARM.Collect$$libshutdown$$00000009      0x00000192   Section        0  libshutdown2.o(.ARM.Collect$$libshutdown$$00000009)
    .ARM.Collect$$libshutdown$$0000000B      0x00000192   Section        0  libshutdown2.o(.ARM.Collect$$libshutdown$$0000000B)
    .ARM.Collect$$libshutdown$$0000000E      0x00000192   Section        0  libshutdown2.o(.ARM.Collect$$libshutdown$$0000000E)
    .ARM.Collect$$libshutdown$$0000000F      0x00000192   Section        2  libshutdown2.o(.ARM.Collect$$libshutdown$$0000000F)
    .ARM.Collect$$rtentry$$00000000          0x00000194   Section        0  __rtentry.o(.ARM.Collect$$rtentry$$00000000)
    .ARM.Collect$$rtentry$$00000002          0x00000194   Section        0  __rtentry2.o(.ARM.Collect$$rtentry$$00000002)
    .ARM.Collect$$rtentry$$00000004          0x00000194   Section        6  __rtentry4.o(.ARM.Collect$$rtentry$$00000004)
    .ARM.Collect$$rtentry$$00000009          0x0000019a   Section        0  __rtentry2.o(.ARM.Collect$$rtentry$$00000009)
    .ARM.Collect$$rtentry$$0000000A          0x0000019a   Section        4  __rtentry2.o(.ARM.Collect$$rtentry$$0000000A)
    .ARM.Collect$$rtentry$$0000000C          0x0000019e   Section        0  __rtentry2.o(.ARM.Collect$$rtentry$$0000000C)
    .ARM.Collect$$rtentry$$0000000D          0x0000019e   Section        8  __rtentry2.o(.ARM.Collect$$rtentry$$0000000D)
    .ARM.Collect$$rtexit$$00000000           0x000001a6   Section        2  rtexit.o(.ARM.Collect$$rtexit$$00000000)
    .ARM.Collect$$rtexit$$00000002           0x000001a8   Section        0  rtexit2.o(.ARM.Collect$$rtexit$$00000002)
    .ARM.Collect$$rtexit$$00000003           0x000001a8   Section        4  rtexit2.o(.ARM.Collect$$rtexit$$00000003)
    .ARM.Collect$$rtexit$$00000004           0x000001ac   Section        6  rtexit2.o(.ARM.Collect$$rtexit$$00000004)
    .emb_text                                0x000001b4   Section       52  rand.o(.emb_text)
    .text                                    0x000001e8   Section       60  startup_lpc17xx.o(.text)
    .text                                    0x00000224   Section        0  rand.o(.text)
    .text                                    0x00000260   Section        0  heapauxi.o(.text)
    .text                                    0x00000266   Section       74  sys_stackheap_outer.o(.text)
    .text                                    0x000002b0   Section        0  exit.o(.text)
    .text                                    0x000002bc   Section        8  libspace.o(.text)
    .text                                    0x000002c4   Section        0  sys_exit.o(.text)
    .text                                    0x000002d0   Section        2  use_no_semi.o(.text)
    .text                                    0x000002d2   Section        0  indicate_semi.o(.text)
    i.get_point                              0x000002d2   Section        0  main.o(i.get_point)
    i.max                                    0x000002ec   Section        0  main.o(i.max)
    x$fpl$usenofp                            0x000002fa   Section        0  usenofp.o(x$fpl$usenofp)
    .ARM.__at_0x02FC                         0x000002fc   Section        4  startup_lpc17xx.o(.ARM.__at_0x02FC)
    i.SystemInit                             0x00000300   Section        0  system_lpc17xx.o(i.SystemInit)
    i.bmp_disp                               0x00000440   Section        0  main.o(i.bmp_disp)
    i.circle                                 0x0000047c   Section        0  main.o(i.circle)
    i.cuboid                                 0x0000060a   Section        0  main.o(i.cuboid)
    i.delayMs_Timer0                         0x0000068a   Section        0  delay.o(i.delayMs_Timer0)
    i.delayUs_Timer0                         0x000006bc   Section        0  delay.o(i.delayUs_Timer0)
    i.digitalRead                            0x000006f0   Section        0  gpio.o(i.digitalRead)
    i.digitalWrite                           0x0000078c   Section        0  gpio.o(i.digitalWrite)
    i.enlarge                                0x00000844   Section        0  main.o(i.enlarge)
    i.getDataPinValue                        0x00000888   Section        0  main.o(i.getDataPinValue)
    i.glcd_clear                             0x0000090c   Section        0  main.o(i.glcd_clear)
    i.glcd_clrln                             0x00000920   Section        0  main.o(i.glcd_clrln)
    i.glcd_on                                0x00000954   Section        0  main.o(i.glcd_on)
    i.glcd_printNumber                       0x00000ab4   Section        0  main.o(i.glcd_printNumber)
    i.glcd_putchar                           0x00000b14   Section        0  main.o(i.glcd_putchar)
    i.glcd_puts                              0x00000c1c   Section        0  main.o(i.glcd_puts)
    i.glcd_read                              0x00000d48   Section        0  main.o(i.glcd_read)
    i.glcd_write                             0x00000e04   Section        0  main.o(i.glcd_write)
    i.goto_col                               0x00000e38   Section        0  main.o(i.goto_col)
    i.goto_row                               0x00000eac   Section        0  main.o(i.goto_row)
    i.goto_xy                                0x00000ee0   Section        0  main.o(i.goto_xy)
    i.h_line                                 0x00000ef4   Section        0  main.o(i.h_line)
    i.line                                   0x00000f24   Section        0  main.o(i.line)
    i.main                                   0x000010f0   Section        0  main.o(i.main)
    i.min                                    0x0000146c   Section        0  main.o(i.min)
    i.pinMode                                0x00001474   Section        0  gpio.o(i.pinMode)
    i.point_at                               0x00001af4   Section        0  main.o(i.point_at)
    i.powerOfTen                             0x00001b34   Section        0  main.o(i.powerOfTen)
    i.putIt                                  0x00001b94   Section        0  main.o(i.putIt)
    i.putItSz                                0x00001bcc   Section        0  main.o(i.putItSz)
    i.rectangle                              0x00001c68   Section        0  main.o(i.rectangle)
    i.setDataPinMode                         0x00001ce8   Section        0  main.o(i.setDataPinMode)
    i.setDataPinValue                        0x00001d70   Section        0  main.o(i.setDataPinValue)
    i.sqrt                                   0x00001df8   Section        0  main.o(i.sqrt)
    i.strlen                                 0x00002164   Section        0  main.o(i.strlen)
    i.trigger                                0x0000217c   Section        0  main.o(i.trigger)
    i.v_line                                 0x000021a4   Section        0  main.o(i.v_line)
    x$fpl$dadd                               0x000021d0   Section      336  daddsub_clz.o(x$fpl$dadd)
    _dadd1                                   0x000021e1   Thumb Code     0  daddsub_clz.o(x$fpl$dadd)
    x$fpl$dcmpinf                            0x00002320   Section       24  dcmpi.o(x$fpl$dcmpinf)
    x$fpl$dfixu                              0x00002338   Section       90  dfixu.o(x$fpl$dfixu)
    x$fpl$dfltu                              0x00002392   Section       38  dflt_clz.o(x$fpl$dfltu)
    x$fpl$dleqf                              0x000023b8   Section      120  dleqf.o(x$fpl$dleqf)
    x$fpl$dmul                               0x00002430   Section      340  dmul.o(x$fpl$dmul)
    x$fpl$dnaninf                            0x00002584   Section      156  dnaninf.o(x$fpl$dnaninf)
    x$fpl$dretinf                            0x00002620   Section       12  dretinf.o(x$fpl$dretinf)
    x$fpl$drleqf                             0x0000262c   Section      108  drleqf.o(x$fpl$drleqf)
    x$fpl$drsb                               0x00002698   Section       22  daddsub_clz.o(x$fpl$drsb)
    x$fpl$dsub                               0x000026b0   Section      468  daddsub_clz.o(x$fpl$dsub)
    _dsub1                                   0x000026c1   Thumb Code     0  daddsub_clz.o(x$fpl$dsub)
    x$fpl$f2d                                0x00002884   Section       86  f2d.o(x$fpl$f2d)
    x$fpl$fadd                               0x000028dc   Section      196  faddsub_clz.o(x$fpl$fadd)
    _fadd1                                   0x000028eb   Thumb Code     0  faddsub_clz.o(x$fpl$fadd)
    x$fpl$fdiv                               0x000029a0   Section      388  fdiv.o(x$fpl$fdiv)
    _fdiv1                                   0x000029a1   Thumb Code     0  fdiv.o(x$fpl$fdiv)
    x$fpl$ffixu                              0x00002b24   Section       62  ffixu.o(x$fpl$ffixu)
    x$fpl$fflt                               0x00002b64   Section       48  fflt_clz.o(x$fpl$fflt)
    x$fpl$ffltu                              0x00002b94   Section       38  fflt_clz.o(x$fpl$ffltu)
    x$fpl$fmul                               0x00002bbc   Section      258  fmul.o(x$fpl$fmul)
    x$fpl$fnaninf                            0x00002cbe   Section      140  fnaninf.o(x$fpl$fnaninf)
    x$fpl$fretinf                            0x00002d4a   Section       10  fretinf.o(x$fpl$fretinf)
    x$fpl$fsub                               0x00002d54   Section      234  faddsub_clz.o(x$fpl$fsub)
    _fsub1                                   0x00002d63   Thumb Code     0  faddsub_clz.o(x$fpl$fsub)
    .data                                    0x10000000   Section    14731  main.o(.data)
    prevLet                                  0x10000984   Data           4  main.o(.data)
    stat                                     0x10000988   Data           1  main.o(.data)
    prevX                                    0x10000989   Data           1  main.o(.data)
    prevY                                    0x1000098a   Data           1  main.o(.data)
    .bss                                     0x1000398c   Section      228  rand.o(.bss)
    .bss                                     0x10003a70   Section       96  libspace.o(.bss)
    HEAP                                     0x10003ad0   Section        0  startup_lpc17xx.o(HEAP)
    STACK                                    0x10003ad0   Section      512  startup_lpc17xx.o(STACK)
    Heap_Mem                                 0x10003ad0   Data           0  startup_lpc17xx.o(HEAP)
    Stack_Mem                                0x10003ad0   Data         512  startup_lpc17xx.o(STACK)
    __initial_sp                             0x10003cd0   Data           0  startup_lpc17xx.o(STACK)

    Global Symbols

    Symbol Name                              Value     Ov Type        Size  Object(Section)

    BuildAttributes$$THM_ISAv4$P$D$K$B$S$PE$A:L22UL41UL21$X:L11$S22US41US21$IEEE1$IW$USESV6$~STKCKD$USESV7$~SHL$OSPACE$ROPI$EBA8$UX$STANDARDLIB$REQ8$PRES8$EABIv2 0x00000000   Number         0  anon$$obj.o ABSOLUTE
    __ARM_use_no_argv                        0x00000000   Number         0  main.o ABSOLUTE
    __Vectors                                0x00000000   Data           4  startup_lpc17xx.o(RESET)
    __ARM_exceptions_init                     - Undefined Weak Reference
    __alloca_initialize                       - Undefined Weak Reference
    __arm_preinit_                            - Undefined Weak Reference
    __cpp_initialize__aeabi_                  - Undefined Weak Reference
    __cxa_finalize                            - Undefined Weak Reference
    __rt_locale                               - Undefined Weak Reference
    __sigvec_lookup                           - Undefined Weak Reference
    _atexit_init                              - Undefined Weak Reference
    _call_atexit_fns                          - Undefined Weak Reference
    _clock_init                               - Undefined Weak Reference
    _fp_trap_init                             - Undefined Weak Reference
    _fp_trap_shutdown                         - Undefined Weak Reference
    _get_lc_collate                           - Undefined Weak Reference
    _get_lc_ctype                             - Undefined Weak Reference
    _get_lc_monetary                          - Undefined Weak Reference
    _get_lc_numeric                           - Undefined Weak Reference
    _get_lc_time                              - Undefined Weak Reference
    _getenv_init                              - Undefined Weak Reference
    _handle_redirection                       - Undefined Weak Reference
    _init_alloc                               - Undefined Weak Reference
    _init_user_alloc                          - Undefined Weak Reference
    _initio                                   - Undefined Weak Reference
    _signal_finish                            - Undefined Weak Reference
    _signal_init                              - Undefined Weak Reference
    _terminate_alloc                          - Undefined Weak Reference
    _terminate_user_alloc                     - Undefined Weak Reference
    _terminateio                              - Undefined Weak Reference
    __main                                   0x000000cd   Thumb Code     8  __main.o(!!!main)
    __scatterload                            0x000000d5   Thumb Code     0  __scatter.o(!!!scatter)
    __scatterload_rt2                        0x000000d5   Thumb Code    44  __scatter.o(!!!scatter)
    __scatterload_rt2_thumb_only             0x000000d5   Thumb Code     0  __scatter.o(!!!scatter)
    __scatterload_null                       0x000000e3   Thumb Code     0  __scatter.o(!!!scatter)
    __decompress                             0x00000109   Thumb Code   100  __dclz77c.o(!!dclz77c)
    __decompress2                            0x00000109   Thumb Code     0  __dclz77c.o(!!dclz77c)
    __scatterload_zeroinit                   0x0000016d   Thumb Code    28  __scatter_zi.o(!!handler_zi)
    __rt_lib_init                            0x00000189   Thumb Code     0  libinit.o(.ARM.Collect$$libinit$$00000000)
    __rt_lib_init_fp_1                       0x0000018b   Thumb Code     0  libinit2.o(.ARM.Collect$$libinit$$00000002)
    __rt_lib_init_heap_1                     0x0000018b   Thumb Code     0  libinit2.o(.ARM.Collect$$libinit$$0000000A)
    __rt_lib_init_preinit_1                  0x0000018b   Thumb Code     0  libinit2.o(.ARM.Collect$$libinit$$00000004)
    __rt_lib_init_rand_2                     0x0000018b   Thumb Code     0  libinit2.o(.ARM.Collect$$libinit$$0000000D)
    __rt_lib_init_user_alloc_1               0x0000018b   Thumb Code     0  libinit2.o(.ARM.Collect$$libinit$$0000000C)
    __rt_lib_init_alloca_1                   0x0000018f   Thumb Code     0  libinit2.o(.ARM.Collect$$libinit$$0000002E)
    __rt_lib_init_argv_1                     0x0000018f   Thumb Code     0  libinit2.o(.ARM.Collect$$libinit$$0000002C)
    __rt_lib_init_atexit_1                   0x0000018f   Thumb Code     0  libinit2.o(.ARM.Collect$$libinit$$0000001B)
    __rt_lib_init_clock_1                    0x0000018f   Thumb Code     0  libinit2.o(.ARM.Collect$$libinit$$00000021)
    __rt_lib_init_cpp_1                      0x0000018f   Thumb Code     0  libinit2.o(.ARM.Collect$$libinit$$00000032)
    __rt_lib_init_exceptions_1               0x0000018f   Thumb Code     0  libinit2.o(.ARM.Collect$$libinit$$00000030)
    __rt_lib_init_fp_trap_1                  0x0000018f   Thumb Code     0  libinit2.o(.ARM.Collect$$libinit$$0000001F)
    __rt_lib_init_getenv_1                   0x0000018f   Thumb Code     0  libinit2.o(.ARM.Collect$$libinit$$00000023)
    __rt_lib_init_lc_collate_1               0x0000018f   Thumb Code     0  libinit2.o(.ARM.Collect$$libinit$$00000011)
    __rt_lib_init_lc_ctype_1                 0x0000018f   Thumb Code     0  libinit2.o(.ARM.Collect$$libinit$$00000013)
    __rt_lib_init_lc_monetary_1              0x0000018f   Thumb Code     0  libinit2.o(.ARM.Collect$$libinit$$00000015)
    __rt_lib_init_lc_numeric_1               0x0000018f   Thumb Code     0  libinit2.o(.ARM.Collect$$libinit$$00000017)
    __rt_lib_init_lc_time_1                  0x0000018f   Thumb Code     0  libinit2.o(.ARM.Collect$$libinit$$00000019)
    __rt_lib_init_rand_1                     0x0000018f   Thumb Code     0  libinit2.o(.ARM.Collect$$libinit$$0000000E)
    __rt_lib_init_return                     0x0000018f   Thumb Code     0  libinit2.o(.ARM.Collect$$libinit$$00000033)
    __rt_lib_init_signal_1                   0x0000018f   Thumb Code     0  libinit2.o(.ARM.Collect$$libinit$$0000001D)
    __rt_lib_init_stdio_1                    0x0000018f   Thumb Code     0  libinit2.o(.ARM.Collect$$libinit$$00000025)
    __rt_lib_shutdown                        0x00000191   Thumb Code     0  libshutdown.o(.ARM.Collect$$libshutdown$$00000000)
    __rt_lib_shutdown_fp_trap_1              0x00000193   Thumb Code     0  libshutdown2.o(.ARM.Collect$$libshutdown$$00000006)
    __rt_lib_shutdown_heap_1                 0x00000193   Thumb Code     0  libshutdown2.o(.ARM.Collect$$libshutdown$$0000000E)
    __rt_lib_shutdown_return                 0x00000193   Thumb Code     0  libshutdown2.o(.ARM.Collect$$libshutdown$$0000000F)
    __rt_lib_shutdown_signal_1               0x00000193   Thumb Code     0  libshutdown2.o(.ARM.Collect$$libshutdown$$00000009)
    __rt_lib_shutdown_stdio_1                0x00000193   Thumb Code     0  libshutdown2.o(.ARM.Collect$$libshutdown$$00000003)
    __rt_lib_shutdown_user_alloc_1           0x00000193   Thumb Code     0  libshutdown2.o(.ARM.Collect$$libshutdown$$0000000B)
    __rt_entry                               0x00000195   Thumb Code     0  __rtentry.o(.ARM.Collect$$rtentry$$00000000)
    __rt_entry_presh_1                       0x00000195   Thumb Code     0  __rtentry2.o(.ARM.Collect$$rtentry$$00000002)
    __rt_entry_sh                            0x00000195   Thumb Code     0  __rtentry4.o(.ARM.Collect$$rtentry$$00000004)
    __rt_entry_li                            0x0000019b   Thumb Code     0  __rtentry2.o(.ARM.Collect$$rtentry$$0000000A)
    __rt_entry_postsh_1                      0x0000019b   Thumb Code     0  __rtentry2.o(.ARM.Collect$$rtentry$$00000009)
    __rt_entry_main                          0x0000019f   Thumb Code     0  __rtentry2.o(.ARM.Collect$$rtentry$$0000000D)
    __rt_entry_postli_1                      0x0000019f   Thumb Code     0  __rtentry2.o(.ARM.Collect$$rtentry$$0000000C)
    __rt_exit                                0x000001a7   Thumb Code     0  rtexit.o(.ARM.Collect$$rtexit$$00000000)
    __rt_exit_ls                             0x000001a9   Thumb Code     0  rtexit2.o(.ARM.Collect$$rtexit$$00000003)
    __rt_exit_prels_1                        0x000001a9   Thumb Code     0  rtexit2.o(.ARM.Collect$$rtexit$$00000002)
    __rt_exit_exit                           0x000001ad   Thumb Code     0  rtexit2.o(.ARM.Collect$$rtexit$$00000004)
    rand                                     0x000001b5   Thumb Code    48  rand.o(.emb_text)
    Reset_Handler                            0x000001e9   Thumb Code     8  startup_lpc17xx.o(.text)
    NMI_Handler                              0x000001f1   Thumb Code     2  startup_lpc17xx.o(.text)
    HardFault_Handler                        0x000001f3   Thumb Code     2  startup_lpc17xx.o(.text)
    MemManage_Handler                        0x000001f5   Thumb Code     2  startup_lpc17xx.o(.text)
    BusFault_Handler                         0x000001f7   Thumb Code     2  startup_lpc17xx.o(.text)
    UsageFault_Handler                       0x000001f9   Thumb Code     2  startup_lpc17xx.o(.text)
    SVC_Handler                              0x000001fb   Thumb Code     2  startup_lpc17xx.o(.text)
    DebugMon_Handler                         0x000001fd   Thumb Code     2  startup_lpc17xx.o(.text)
    PendSV_Handler                           0x000001ff   Thumb Code     2  startup_lpc17xx.o(.text)
    SysTick_Handler                          0x00000201   Thumb Code     2  startup_lpc17xx.o(.text)
    ADC_IRQHandler                           0x00000203   Thumb Code     0  startup_lpc17xx.o(.text)
    BOD_IRQHandler                           0x00000203   Thumb Code     0  startup_lpc17xx.o(.text)
    CANActivity_IRQHandler                   0x00000203   Thumb Code     0  startup_lpc17xx.o(.text)
    CAN_IRQHandler                           0x00000203   Thumb Code     0  startup_lpc17xx.o(.text)
    DMA_IRQHandler                           0x00000203   Thumb Code     0  startup_lpc17xx.o(.text)
    EINT0_IRQHandler                         0x00000203   Thumb Code     0  startup_lpc17xx.o(.text)
    EINT1_IRQHandler                         0x00000203   Thumb Code     0  startup_lpc17xx.o(.text)
    EINT2_IRQHandler                         0x00000203   Thumb Code     0  startup_lpc17xx.o(.text)
    EINT3_IRQHandler                         0x00000203   Thumb Code     0  startup_lpc17xx.o(.text)
    ENET_IRQHandler                          0x00000203   Thumb Code     0  startup_lpc17xx.o(.text)
    I2C0_IRQHandler                          0x00000203   Thumb Code     0  startup_lpc17xx.o(.text)
    I2C1_IRQHandler                          0x00000203   Thumb Code     0  startup_lpc17xx.o(.text)
    I2C2_IRQHandler                          0x00000203   Thumb Code     0  startup_lpc17xx.o(.text)
    I2S_IRQHandler                           0x00000203   Thumb Code     0  startup_lpc17xx.o(.text)
    MCPWM_IRQHandler                         0x00000203   Thumb Code     0  startup_lpc17xx.o(.text)
    PLL0_IRQHandler                          0x00000203   Thumb Code     0  startup_lpc17xx.o(.text)
    PLL1_IRQHandler                          0x00000203   Thumb Code     0  startup_lpc17xx.o(.text)
    PWM1_IRQHandler                          0x00000203   Thumb Code     0  startup_lpc17xx.o(.text)
    QEI_IRQHandler                           0x00000203   Thumb Code     0  startup_lpc17xx.o(.text)
    RIT_IRQHandler                           0x00000203   Thumb Code     0  startup_lpc17xx.o(.text)
    RTC_IRQHandler                           0x00000203   Thumb Code     0  startup_lpc17xx.o(.text)
    SPI_IRQHandler                           0x00000203   Thumb Code     0  startup_lpc17xx.o(.text)
    SSP0_IRQHandler                          0x00000203   Thumb Code     0  startup_lpc17xx.o(.text)
    SSP1_IRQHandler                          0x00000203   Thumb Code     0  startup_lpc17xx.o(.text)
    TIMER0_IRQHandler                        0x00000203   Thumb Code     0  startup_lpc17xx.o(.text)
    TIMER1_IRQHandler                        0x00000203   Thumb Code     0  startup_lpc17xx.o(.text)
    TIMER2_IRQHandler                        0x00000203   Thumb Code     0  startup_lpc17xx.o(.text)
    TIMER3_IRQHandler                        0x00000203   Thumb Code     0  startup_lpc17xx.o(.text)
    UART0_IRQHandler                         0x00000203   Thumb Code     0  startup_lpc17xx.o(.text)
    UART1_IRQHandler                         0x00000203   Thumb Code     0  startup_lpc17xx.o(.text)
    UART2_IRQHandler                         0x00000203   Thumb Code     0  startup_lpc17xx.o(.text)
    UART3_IRQHandler                         0x00000203   Thumb Code     0  startup_lpc17xx.o(.text)
    USBActivity_IRQHandler                   0x00000203   Thumb Code     0  startup_lpc17xx.o(.text)
    USB_IRQHandler                           0x00000203   Thumb Code     0  startup_lpc17xx.o(.text)
    WDT_IRQHandler                           0x00000203   Thumb Code     0  startup_lpc17xx.o(.text)
    __user_initial_stackheap                 0x00000205   Thumb Code     0  startup_lpc17xx.o(.text)
    srand                                    0x00000225   Thumb Code    42  rand.o(.text)
    _rand_init                               0x0000024f   Thumb Code     4  rand.o(.text)
    __use_two_region_memory                  0x00000261   Thumb Code     2  heapauxi.o(.text)
    __rt_heap_escrow$2region                 0x00000263   Thumb Code     2  heapauxi.o(.text)
    __rt_heap_expand$2region                 0x00000265   Thumb Code     2  heapauxi.o(.text)
    __user_setup_stackheap                   0x00000267   Thumb Code    74  sys_stackheap_outer.o(.text)
    exit                                     0x000002b1   Thumb Code    12  exit.o(.text)
    __user_libspace                          0x000002bd   Thumb Code     8  libspace.o(.text)
    __user_perproc_libspace                  0x000002bd   Thumb Code     0  libspace.o(.text)
    __user_perthread_libspace                0x000002bd   Thumb Code     0  libspace.o(.text)
    _sys_exit                                0x000002c5   Thumb Code     8  sys_exit.o(.text)
    __I$use$semihosting                      0x000002d1   Thumb Code     0  use_no_semi.o(.text)
    __use_no_semihosting_swi                 0x000002d1   Thumb Code     2  use_no_semi.o(.text)
    __semihosting_library_function           0x000002d3   Thumb Code     0  indicate_semi.o(.text)
    get_point                                0x000002d3   Thumb Code    26  main.o(i.get_point)
    max                                      0x000002ed   Thumb Code    14  main.o(i.max)
    __I$use$fp                               0x000002fa   Number         0  usenofp.o(x$fpl$usenofp)
    SystemInit                               0x00000301   Thumb Code   302  system_lpc17xx.o(i.SystemInit)
    bmp_disp                                 0x00000441   Thumb Code    60  main.o(i.bmp_disp)
    circle                                   0x0000047d   Thumb Code   398  main.o(i.circle)
    cuboid                                   0x0000060b   Thumb Code   128  main.o(i.cuboid)
    delayMs_Timer0                           0x0000068b   Thumb Code    50  delay.o(i.delayMs_Timer0)
    delayUs_Timer0                           0x000006bd   Thumb Code    52  delay.o(i.delayUs_Timer0)
    digitalRead                              0x000006f1   Thumb Code   152  gpio.o(i.digitalRead)
    digitalWrite                             0x0000078d   Thumb Code   178  gpio.o(i.digitalWrite)
    enlarge                                  0x00000845   Thumb Code    66  main.o(i.enlarge)
    getDataPinValue                          0x00000889   Thumb Code    98  main.o(i.getDataPinValue)
    glcd_clear                               0x0000090d   Thumb Code    20  main.o(i.glcd_clear)
    glcd_clrln                               0x00000921   Thumb Code    48  main.o(i.glcd_clrln)
    glcd_on                                  0x00000955   Thumb Code   298  main.o(i.glcd_on)
    glcd_printNumber                         0x00000ab5   Thumb Code    96  main.o(i.glcd_printNumber)
    glcd_putchar                             0x00000b15   Thumb Code   244  main.o(i.glcd_putchar)
    glcd_puts                                0x00000c1d   Thumb Code   294  main.o(i.glcd_puts)
    glcd_read                                0x00000d49   Thumb Code   166  main.o(i.glcd_read)
    glcd_write                               0x00000e05   Thumb Code    42  main.o(i.glcd_write)
    goto_col                                 0x00000e39   Thumb Code    98  main.o(i.goto_col)
    goto_row                                 0x00000ead   Thumb Code    44  main.o(i.goto_row)
    goto_xy                                  0x00000ee1   Thumb Code    20  main.o(i.goto_xy)
    h_line                                   0x00000ef5   Thumb Code    46  main.o(i.h_line)
    line                                     0x00000f25   Thumb Code   454  main.o(i.line)
    main                                     0x000010f1   Thumb Code   872  main.o(i.main)
    min                                      0x0000146d   Thumb Code     6  main.o(i.min)
    pinMode                                  0x00001475   Thumb Code  1654  gpio.o(i.pinMode)
    point_at                                 0x00001af5   Thumb Code    62  main.o(i.point_at)
    powerOfTen                               0x00001b35   Thumb Code    78  main.o(i.powerOfTen)
    putIt                                    0x00001b95   Thumb Code    52  main.o(i.putIt)
    putItSz                                  0x00001bcd   Thumb Code   150  main.o(i.putItSz)
    rectangle                                0x00001c69   Thumb Code   126  main.o(i.rectangle)
    setDataPinMode                           0x00001ce9   Thumb Code   102  main.o(i.setDataPinMode)
    setDataPinValue                          0x00001d71   Thumb Code   102  main.o(i.setDataPinValue)
    sqrt                                     0x00001df9   Thumb Code   868  main.o(i.sqrt)
    strlen                                   0x00002165   Thumb Code    22  main.o(i.strlen)
    trigger                                  0x0000217d   Thumb Code    36  main.o(i.trigger)
    v_line                                   0x000021a5   Thumb Code    44  main.o(i.v_line)
    __aeabi_dadd                             0x000021d1   Thumb Code     0  daddsub_clz.o(x$fpl$dadd)
    _dadd                                    0x000021d1   Thumb Code   332  daddsub_clz.o(x$fpl$dadd)
    __fpl_dcmp_Inf                           0x00002321   Thumb Code    24  dcmpi.o(x$fpl$dcmpinf)
    __aeabi_d2uiz                            0x00002339   Thumb Code     0  dfixu.o(x$fpl$dfixu)
    _dfixu                                   0x00002339   Thumb Code    90  dfixu.o(x$fpl$dfixu)
    __aeabi_ui2d                             0x00002393   Thumb Code     0  dflt_clz.o(x$fpl$dfltu)
    _dfltu                                   0x00002393   Thumb Code    38  dflt_clz.o(x$fpl$dfltu)
    __aeabi_cdcmple                          0x000023b9   Thumb Code     0  dleqf.o(x$fpl$dleqf)
    _dcmple                                  0x000023b9   Thumb Code   120  dleqf.o(x$fpl$dleqf)
    __fpl_dcmple_InfNaN                      0x0000241b   Thumb Code     0  dleqf.o(x$fpl$dleqf)
    __aeabi_dmul                             0x00002431   Thumb Code     0  dmul.o(x$fpl$dmul)
    _dmul                                    0x00002431   Thumb Code   332  dmul.o(x$fpl$dmul)
    __fpl_dnaninf                            0x00002585   Thumb Code   156  dnaninf.o(x$fpl$dnaninf)
    __fpl_dretinf                            0x00002621   Thumb Code    12  dretinf.o(x$fpl$dretinf)
    __aeabi_cdrcmple                         0x0000262d   Thumb Code     0  drleqf.o(x$fpl$drleqf)
    _drcmple                                 0x0000262d   Thumb Code   108  drleqf.o(x$fpl$drleqf)
    __aeabi_drsub                            0x00002699   Thumb Code     0  daddsub_clz.o(x$fpl$drsb)
    _drsb                                    0x00002699   Thumb Code    22  daddsub_clz.o(x$fpl$drsb)
    __aeabi_dsub                             0x000026b1   Thumb Code     0  daddsub_clz.o(x$fpl$dsub)
    _dsub                                    0x000026b1   Thumb Code   464  daddsub_clz.o(x$fpl$dsub)
    __aeabi_f2d                              0x00002885   Thumb Code     0  f2d.o(x$fpl$f2d)
    _f2d                                     0x00002885   Thumb Code    86  f2d.o(x$fpl$f2d)
    __aeabi_fadd                             0x000028dd   Thumb Code     0  faddsub_clz.o(x$fpl$fadd)
    _fadd                                    0x000028dd   Thumb Code   196  faddsub_clz.o(x$fpl$fadd)
    __aeabi_fdiv                             0x000029a1   Thumb Code     0  fdiv.o(x$fpl$fdiv)
    _fdiv                                    0x000029a1   Thumb Code   384  fdiv.o(x$fpl$fdiv)
    __aeabi_f2uiz                            0x00002b25   Thumb Code     0  ffixu.o(x$fpl$ffixu)
    _ffixu                                   0x00002b25   Thumb Code    62  ffixu.o(x$fpl$ffixu)
    __aeabi_i2f                              0x00002b65   Thumb Code     0  fflt_clz.o(x$fpl$fflt)
    _fflt                                    0x00002b65   Thumb Code    48  fflt_clz.o(x$fpl$fflt)
    __aeabi_ui2f                             0x00002b95   Thumb Code     0  fflt_clz.o(x$fpl$ffltu)
    _ffltu                                   0x00002b95   Thumb Code    38  fflt_clz.o(x$fpl$ffltu)
    __aeabi_fmul                             0x00002bbd   Thumb Code     0  fmul.o(x$fpl$fmul)
    _fmul                                    0x00002bbd   Thumb Code   258  fmul.o(x$fpl$fmul)
    __fpl_fnaninf                            0x00002cbf   Thumb Code   140  fnaninf.o(x$fpl$fnaninf)
    __fpl_fretinf                            0x00002d4b   Thumb Code    10  fretinf.o(x$fpl$fretinf)
    __aeabi_fsub                             0x00002d55   Thumb Code     0  faddsub_clz.o(x$fpl$fsub)
    _fsub                                    0x00002d55   Thumb Code   234  faddsub_clz.o(x$fpl$fsub)
    Region$$Table$$Base                      0x00002e40   Number         0  anon$$obj.o(Region$$Table)
    Region$$Table$$Limit                     0x00002e60   Number         0  anon$$obj.o(Region$$Table)
    font                                     0x10000000   Data        2048  main.o(.data)
    map                                      0x10000800   Data         372  main.o(.data)
    _DB0                                     0x10000974   Data           1  main.o(.data)
    _DB1                                     0x10000975   Data           1  main.o(.data)
    _DB2                                     0x10000976   Data           1  main.o(.data)
    _DB3                                     0x10000977   Data           1  main.o(.data)
    _DB4                                     0x10000978   Data           1  main.o(.data)
    _DB5                                     0x10000979   Data           1  main.o(.data)
    _DB6                                     0x1000097a   Data           1  main.o(.data)
    _DB7                                     0x1000097b   Data           1  main.o(.data)
    _RW                                      0x1000097c   Data           1  main.o(.data)
    _EN                                      0x1000097d   Data           1  main.o(.data)
    _CS1                                     0x1000097e   Data           1  main.o(.data)
    _CS2                                     0x1000097f   Data           1  main.o(.data)
    _DI_RS                                   0x10000980   Data           1  main.o(.data)
    photo1                                   0x1000098b   Data        6144  main.o(.data)
    gif                                      0x1000218b   Data        6144  main.o(.data)
    _random_number_data                      0x1000398c   Data         228  rand.o(.bss)
    __libspace_start                         0x10003a70   Data          96  libspace.o(.bss)
    __temporary_stack_top$libspace           0x10003ad0   Data           0  libspace.o(.bss)



==============================================================================

Memory Map of the image

  Image Entry point : 0x000001e9

  Load Region LR_1 (Base: 0x00000000, Size: 0x000067ec, Max: 0xffffffff, ABSOLUTE, COMPRESSED[0x00003e40])

    Execution Region ER_RO (Base: 0x00000000, Size: 0x00002e60, Max: 0xffffffff, ABSOLUTE)

    Base Addr    Size         Type   Attr      Idx    E Section Name        Object

    0x00000000   0x000000cc   Data   RO            3    RESET               startup_lpc17xx.o
    0x000000cc   0x00000008   Code   RO          429  * !!!main             c_w.l(__main.o)
    0x000000d4   0x00000034   Code   RO          654    !!!scatter          c_w.l(__scatter.o)
    0x00000108   0x00000064   Code   RO          652    !!dclz77c           c_w.l(__dclz77c.o)
    0x0000016c   0x0000001c   Code   RO          656    !!handler_zi        c_w.l(__scatter_zi.o)
    0x00000188   0x00000002   Code   RO          576    .ARM.Collect$$libinit$$00000000  c_w.l(libinit.o)
    0x0000018a   0x00000000   Code   RO          481    .ARM.Collect$$libinit$$00000002  c_w.l(libinit2.o)
    0x0000018a   0x00000000   Code   RO          483    .ARM.Collect$$libinit$$00000004  c_w.l(libinit2.o)
    0x0000018a   0x00000000   Code   RO          486    .ARM.Collect$$libinit$$0000000A  c_w.l(libinit2.o)
    0x0000018a   0x00000000   Code   RO          488    .ARM.Collect$$libinit$$0000000C  c_w.l(libinit2.o)
    0x0000018a   0x00000004   Code   RO          489    .ARM.Collect$$libinit$$0000000D  c_w.l(libinit2.o)
    0x0000018e   0x00000000   Code   RO          490    .ARM.Collect$$libinit$$0000000E  c_w.l(libinit2.o)
    0x0000018e   0x00000000   Code   RO          493    .ARM.Collect$$libinit$$00000011  c_w.l(libinit2.o)
    0x0000018e   0x00000000   Code   RO          495    .ARM.Collect$$libinit$$00000013  c_w.l(libinit2.o)
    0x0000018e   0x00000000   Code   RO          497    .ARM.Collect$$libinit$$00000015  c_w.l(libinit2.o)
    0x0000018e   0x00000000   Code   RO          499    .ARM.Collect$$libinit$$00000017  c_w.l(libinit2.o)
    0x0000018e   0x00000000   Code   RO          501    .ARM.Collect$$libinit$$00000019  c_w.l(libinit2.o)
    0x0000018e   0x00000000   Code   RO          503    .ARM.Collect$$libinit$$0000001B  c_w.l(libinit2.o)
    0x0000018e   0x00000000   Code   RO          505    .ARM.Collect$$libinit$$0000001D  c_w.l(libinit2.o)
    0x0000018e   0x00000000   Code   RO          507    .ARM.Collect$$libinit$$0000001F  c_w.l(libinit2.o)
    0x0000018e   0x00000000   Code   RO          509    .ARM.Collect$$libinit$$00000021  c_w.l(libinit2.o)
    0x0000018e   0x00000000   Code   RO          511    .ARM.Collect$$libinit$$00000023  c_w.l(libinit2.o)
    0x0000018e   0x00000000   Code   RO          513    .ARM.Collect$$libinit$$00000025  c_w.l(libinit2.o)
    0x0000018e   0x00000000   Code   RO          517    .ARM.Collect$$libinit$$0000002C  c_w.l(libinit2.o)
    0x0000018e   0x00000000   Code   RO          519    .ARM.Collect$$libinit$$0000002E  c_w.l(libinit2.o)
    0x0000018e   0x00000000   Code   RO          521    .ARM.Collect$$libinit$$00000030  c_w.l(libinit2.o)
    0x0000018e   0x00000000   Code   RO          523    .ARM.Collect$$libinit$$00000032  c_w.l(libinit2.o)
    0x0000018e   0x00000002   Code   RO          524    .ARM.Collect$$libinit$$00000033  c_w.l(libinit2.o)
    0x00000190   0x00000002   Code   RO          620    .ARM.Collect$$libshutdown$$00000000  c_w.l(libshutdown.o)
    0x00000192   0x00000000   Code   RO          637    .ARM.Collect$$libshutdown$$00000003  c_w.l(libshutdown2.o)
    0x00000192   0x00000000   Code   RO          640    .ARM.Collect$$libshutdown$$00000006  c_w.l(libshutdown2.o)
    0x00000192   0x00000000   Code   RO          643    .ARM.Collect$$libshutdown$$00000009  c_w.l(libshutdown2.o)
    0x00000192   0x00000000   Code   RO          645    .ARM.Collect$$libshutdown$$0000000B  c_w.l(libshutdown2.o)
    0x00000192   0x00000000   Code   RO          648    .ARM.Collect$$libshutdown$$0000000E  c_w.l(libshutdown2.o)
    0x00000192   0x00000002   Code   RO          649    .ARM.Collect$$libshutdown$$0000000F  c_w.l(libshutdown2.o)
    0x00000194   0x00000000   Code   RO          475    .ARM.Collect$$rtentry$$00000000  c_w.l(__rtentry.o)
    0x00000194   0x00000000   Code   RO          537    .ARM.Collect$$rtentry$$00000002  c_w.l(__rtentry2.o)
    0x00000194   0x00000006   Code   RO          549    .ARM.Collect$$rtentry$$00000004  c_w.l(__rtentry4.o)
    0x0000019a   0x00000000   Code   RO          539    .ARM.Collect$$rtentry$$00000009  c_w.l(__rtentry2.o)
    0x0000019a   0x00000004   Code   RO          540    .ARM.Collect$$rtentry$$0000000A  c_w.l(__rtentry2.o)
    0x0000019e   0x00000000   Code   RO          542    .ARM.Collect$$rtentry$$0000000C  c_w.l(__rtentry2.o)
    0x0000019e   0x00000008   Code   RO          543    .ARM.Collect$$rtentry$$0000000D  c_w.l(__rtentry2.o)
    0x000001a6   0x00000002   Code   RO          582    .ARM.Collect$$rtexit$$00000000  c_w.l(rtexit.o)
    0x000001a8   0x00000000   Code   RO          602    .ARM.Collect$$rtexit$$00000002  c_w.l(rtexit2.o)
    0x000001a8   0x00000004   Code   RO          603    .ARM.Collect$$rtexit$$00000003  c_w.l(rtexit2.o)
    0x000001ac   0x00000006   Code   RO          604    .ARM.Collect$$rtexit$$00000004  c_w.l(rtexit2.o)
    0x000001b2   0x00000002   PAD
    0x000001b4   0x00000034   Code   RO          422    .emb_text           c_w.l(rand.o)
    0x000001e8   0x0000003c   Code   RO            5  * .text               startup_lpc17xx.o
    0x00000224   0x0000003c   Code   RO          423    .text               c_w.l(rand.o)
    0x00000260   0x00000006   Code   RO          427    .text               c_w.l(heapauxi.o)
    0x00000266   0x0000004a   Code   RO          559    .text               c_w.l(sys_stackheap_outer.o)
    0x000002b0   0x0000000c   Code   RO          561    .text               c_w.l(exit.o)
    0x000002bc   0x00000008   Code   RO          579    .text               c_w.l(libspace.o)
    0x000002c4   0x0000000c   Code   RO          596    .text               c_w.l(sys_exit.o)
    0x000002d0   0x00000002   Code   RO          598    .text               c_w.l(use_no_semi.o)
    0x000002d2   0x00000000   Code   RO          600    .text               c_w.l(indicate_semi.o)
    0x000002d2   0x0000001a   Code   RO           69    i.get_point         main.o
    0x000002ec   0x0000000e   Code   RO           88    i.max               main.o
    0x000002fa   0x00000000   Code   RO          535    x$fpl$usenofp       fz_ws.l(usenofp.o)
    0x000002fa   0x00000002   PAD
    0x000002fc   0x00000004   Code   RO            4    .ARM.__at_0x02FC    startup_lpc17xx.o
    0x00000300   0x00000140   Code   RO           16    i.SystemInit        system_lpc17xx.o
    0x00000440   0x0000003c   Code   RO           64    i.bmp_disp          main.o
    0x0000047c   0x0000018e   Code   RO           65    i.circle            main.o
    0x0000060a   0x00000080   Code   RO           66    i.cuboid            main.o
    0x0000068a   0x00000032   Code   RO          382    i.delayMs_Timer0    delay.o
    0x000006bc   0x00000034   Code   RO          385    i.delayUs_Timer0    delay.o
    0x000006f0   0x0000009c   Code   RO          344    i.digitalRead       gpio.o
    0x0000078c   0x000000b8   Code   RO          345    i.digitalWrite      gpio.o
    0x00000844   0x00000042   Code   RO           67    i.enlarge           main.o
    0x00000886   0x00000002   PAD
    0x00000888   0x00000084   Code   RO           68    i.getDataPinValue   main.o
    0x0000090c   0x00000014   Code   RO           70    i.glcd_clear        main.o
    0x00000920   0x00000034   Code   RO           71    i.glcd_clrln        main.o
    0x00000954   0x00000160   Code   RO           73    i.glcd_on           main.o
    0x00000ab4   0x00000060   Code   RO           74    i.glcd_printNumber  main.o
    0x00000b14   0x00000108   Code   RO           75    i.glcd_putchar      main.o
    0x00000c1c   0x0000012c   Code   RO           76    i.glcd_puts         main.o
    0x00000d48   0x000000bc   Code   RO           77    i.glcd_read         main.o
    0x00000e04   0x00000034   Code   RO           78    i.glcd_write        main.o
    0x00000e38   0x00000074   Code   RO           79    i.goto_col          main.o
    0x00000eac   0x00000034   Code   RO           80    i.goto_row          main.o
    0x00000ee0   0x00000014   Code   RO           81    i.goto_xy           main.o
    0x00000ef4   0x0000002e   Code   RO           82    i.h_line            main.o
    0x00000f22   0x00000002   PAD
    0x00000f24   0x000001cc   Code   RO           86    i.line              main.o
    0x000010f0   0x0000037c   Code   RO           87    i.main              main.o
    0x0000146c   0x00000006   Code   RO           89    i.min               main.o
    0x00001472   0x00000002   PAD
    0x00001474   0x00000680   Code   RO          347    i.pinMode           gpio.o
    0x00001af4   0x0000003e   Code   RO           90    i.point_at          main.o
    0x00001b32   0x00000002   PAD
    0x00001b34   0x00000060   Code   RO           91    i.powerOfTen        main.o
    0x00001b94   0x00000038   Code   RO           92    i.putIt             main.o
    0x00001bcc   0x0000009c   Code   RO           93    i.putItSz           main.o
    0x00001c68   0x0000007e   Code   RO           94    i.rectangle         main.o
    0x00001ce6   0x00000002   PAD
    0x00001ce8   0x00000088   Code   RO           95    i.setDataPinMode    main.o
    0x00001d70   0x00000088   Code   RO           96    i.setDataPinValue   main.o
    0x00001df8   0x0000036c   Code   RO           98    i.sqrt              main.o
    0x00002164   0x00000016   Code   RO           99    i.strlen            main.o
    0x0000217a   0x00000002   PAD
    0x0000217c   0x00000028   Code   RO          100    i.trigger           main.o
    0x000021a4   0x0000002c   Code   RO          101    i.v_line            main.o
    0x000021d0   0x00000150   Code   RO          431    x$fpl$dadd          fz_ws.l(daddsub_clz.o)
    0x00002320   0x00000018   Code   RO          555    x$fpl$dcmpinf       fz_ws.l(dcmpi.o)
    0x00002338   0x0000005a   Code   RO          437    x$fpl$dfixu         fz_ws.l(dfixu.o)
    0x00002392   0x00000026   Code   RO          441    x$fpl$dfltu         fz_ws.l(dflt_clz.o)
    0x000023b8   0x00000078   Code   RO          525    x$fpl$dleqf         fz_ws.l(dleqf.o)
    0x00002430   0x00000154   Code   RO          447    x$fpl$dmul          fz_ws.l(dmul.o)
    0x00002584   0x0000009c   Code   RO          527    x$fpl$dnaninf       fz_ws.l(dnaninf.o)
    0x00002620   0x0000000c   Code   RO          529    x$fpl$dretinf       fz_ws.l(dretinf.o)
    0x0000262c   0x0000006c   Code   RO          449    x$fpl$drleqf        fz_ws.l(drleqf.o)
    0x00002698   0x00000016   Code   RO          432    x$fpl$drsb          fz_ws.l(daddsub_clz.o)
    0x000026ae   0x00000002   PAD
    0x000026b0   0x000001d4   Code   RO          433    x$fpl$dsub          fz_ws.l(daddsub_clz.o)
    0x00002884   0x00000056   Code   RO          451    x$fpl$f2d           fz_ws.l(f2d.o)
    0x000028da   0x00000002   PAD
    0x000028dc   0x000000c4   Code   RO          453    x$fpl$fadd          fz_ws.l(faddsub_clz.o)
    0x000029a0   0x00000184   Code   RO          460    x$fpl$fdiv          fz_ws.l(fdiv.o)
    0x00002b24   0x0000003e   Code   RO          463    x$fpl$ffixu         fz_ws.l(ffixu.o)
    0x00002b62   0x00000002   PAD
    0x00002b64   0x00000030   Code   RO          468    x$fpl$fflt          fz_ws.l(fflt_clz.o)
    0x00002b94   0x00000026   Code   RO          467    x$fpl$ffltu         fz_ws.l(fflt_clz.o)
    0x00002bba   0x00000002   PAD
    0x00002bbc   0x00000102   Code   RO          473    x$fpl$fmul          fz_ws.l(fmul.o)
    0x00002cbe   0x0000008c   Code   RO          531    x$fpl$fnaninf       fz_ws.l(fnaninf.o)
    0x00002d4a   0x0000000a   Code   RO          533    x$fpl$fretinf       fz_ws.l(fretinf.o)
    0x00002d54   0x000000ea   Code   RO          455    x$fpl$fsub          fz_ws.l(faddsub_clz.o)
    0x00002e3e   0x00000002   PAD
    0x00002e40   0x00000020   Data   RO          650    Region$$Table       anon$$obj.o


    Execution Region ER_RW (Base: 0x10000000, Size: 0x0000398c, Max: 0xffffffff, ABSOLUTE, COMPRESSED[0x00000fe0])

    Base Addr    Size         Type   Attr      Idx    E Section Name        Object

    0x10000000   0x0000398b   Data   RW          104    .data               main.o


    Execution Region ER_ZI (Base: 0x1000398c, Size: 0x00000344, Max: 0xffffffff, ABSOLUTE)

    Base Addr    Size         Type   Attr      Idx    E Section Name        Object

    0x1000398c   0x000000e4   Zero   RW          424    .bss                c_w.l(rand.o)
    0x10003a70   0x00000060   Zero   RW          580    .bss                c_w.l(libspace.o)
    0x10003ad0   0x00000000   Zero   RW            2    HEAP                startup_lpc17xx.o
    0x10003ad0   0x00000200   Zero   RW            1    STACK               startup_lpc17xx.o


==============================================================================

Image component sizes


      Code (inc. data)   RO Data    RW Data    ZI Data      Debug   Object Name

       102          0          0          0          0       1010   delay.o
      2004         30          0          0          0       2567   gpio.o
      5490        310          0      14731          0      23354   main.o
        64         26        204          0        512       1080   startup_lpc17xx.o
       320         18          0          0          0       2037   system_lpc17xx.o

    ----------------------------------------------------------------------
      7992        384        236      14732        512      30048   Object Totals
         0          0         32          0          0          0   (incl. Generated)
        12          0          0          1          0          0   (incl. Padding)

    ----------------------------------------------------------------------

      Code (inc. data)   RO Data    RW Data    ZI Data      Debug   Library Member Name

       100          0          0          0          0          0   __dclz77c.o
         8          0          0          0          0         68   __main.o
         0          0          0          0          0          0   __rtentry.o
        12          0          0          0          0          0   __rtentry2.o
         6          0          0          0          0          0   __rtentry4.o
        52          8          0          0          0          0   __scatter.o
        28          0          0          0          0          0   __scatter_zi.o
        12          0          0          0          0         72   exit.o
         6          0          0          0          0        152   heapauxi.o
         0          0          0          0          0          0   indicate_semi.o
         2          0          0          0          0          0   libinit.o
         6          0          0          0          0          0   libinit2.o
         2          0          0          0          0          0   libshutdown.o
         2          0          0          0          0          0   libshutdown2.o
         8          4          0          0         96         68   libspace.o
       112         18          0          0        228        160   rand.o
         2          0          0          0          0          0   rtexit.o
        10          0          0          0          0          0   rtexit2.o
        12          4          0          0          0         68   sys_exit.o
        74          0          0          0          0         80   sys_stackheap_outer.o
         2          0          0          0          0         68   use_no_semi.o
       826         16          0          0          0        348   daddsub_clz.o
        24          0          0          0          0         68   dcmpi.o
        90          4          0          0          0         92   dfixu.o
        38          0          0          0          0         68   dflt_clz.o
       120          4          0          0          0         92   dleqf.o
       340         12          0          0          0        104   dmul.o
       156          4          0          0          0         92   dnaninf.o
        12          0          0          0          0         68   dretinf.o
       108          0          0          0          0         80   drleqf.o
        86          4          0          0          0         84   f2d.o
       430          8          0          0          0        168   faddsub_clz.o
       388         76          0          0          0         96   fdiv.o
        62          4          0          0          0         84   ffixu.o
        86          0          0          0          0        136   fflt_clz.o
       258          4          0          0          0         84   fmul.o
       140          4          0          0          0         84   fnaninf.o
        10          0          0          0          0         68   fretinf.o
         0          0          0          0          0          0   usenofp.o

    ----------------------------------------------------------------------
      3644        174          0          0        324       2552   Library Totals
        14          0          0          0          0          0   (incl. Padding)

    ----------------------------------------------------------------------

      Code (inc. data)   RO Data    RW Data    ZI Data      Debug   Library Name

       456         34          0          0        324        736   c_w.l
      3174        140          0          0          0       1816   fz_ws.l

    ----------------------------------------------------------------------
      3644        174          0          0        324       2552   Library Totals

    ----------------------------------------------------------------------

==============================================================================


      Code (inc. data)   RO Data    RW Data    ZI Data      Debug   

     11636        558        236      14732        836      29372   Grand Totals
     11636        558        236       4064        836      29372   ELF Image Totals (compressed)
     11636        558        236       4064          0          0   ROM Totals

==============================================================================

    Total RO  Size (Code + RO Data)                11872 (  11.59kB)
    Total RW  Size (RW Data + ZI Data)             15568 (  15.20kB)
    Total ROM Size (Code + RO Data + RW Data)      15936 (  15.56kB)

==============================================================================

