<html>
<body>
<pre>
<h1>µVision Build Log</h1>
<h2>Tool Versions:</h2>
IDE-Version: µVision V5.15
Copyright (C) 2015 ARM Ltd and ARM Germany GmbH. All rights reserved.
License Information: kk lkk, kk, LIC=JDAJJ-ULU8T-PESH1-CJ6EY-0VQYL-6E1C1
 
Tool Versions:
Toolchain:       MDK-ARM Professional  Version: 5.15.0
Toolchain Path:  E:\software.engineer\keil\ARM\ARMCC\Bin
C Compiler:      Armcc.exe V5.05 update 2 (build 169)
Assembler:       Armasm.exe V5.05 update 2 (build 169)
Linker/Locator:  ArmLink.exe V5.05 update 2 (build 169)
Library Manager: ArmAr.exe V5.05 update 2 (build 169)
Hex Converter:   FromElf.exe V5.05 update 2 (build 169)
CPU DLL:         SARMCM3.DLL V5.15.0
Dialog DLL:      DARMP1.DLL V1.25.0.0
Target DLL:      Segger\JL2CM3.dll V2.99.15.0
Dialog DLL:      TARMP1.DLL V1.24.0.0
 
<h2>Project:</h2>
D:\my files\course\term7\micro az\project\KS0108 LPC1768 - www.dmf313.ir -\KS0108 LPC1768\Keil\1.uvproj
Project File Date:  02/09/2021

<h2>Output:</h2>
*** Using Compiler 'V5.05 update 2 (build 169)', folder: 'E:\software.engineer\keil\ARM\ARMCC\Bin'
Build target 'Target 1'
linking...
Program Size: Code=11636 RO-data=236 RW-data=14732 ZI-data=836  
FromELF: creating hex file...
".\Objects\1.axf" - 0 Error(s), 0 Warning(s).
</pre>
</body>
</html>
